<html>
<body>
<pre>
<h1>礦ision Build Log</h1>
<h2>Tool Versions:</h2>
IDE-Version: μVision V5.14.0.0
Copyright (C) 2015 ARM Ltd and ARM Germany GmbH. All rights reserved.
License Information: ff AutoBVT, Microsoft, LIC=65IQD-8MTC2-8SSYU-SYV8G-KJDCC-506J5
 
Tool Versions:
Toolchain:       MDK-ARM Standard  Version: 5.14.0.0
Toolchain Path:  C:\Keil_v5\ARM\ARMCC\Bin
C Compiler:      Armcc.exe V5.05 update 1 (build 106)
Assembler:       Armasm.exe V5.05 update 1 (build 106)
Linker/Locator:  ArmLink.exe V5.05 update 1 (build 106)
Library Manager: ArmAr.exe V5.05 update 1 (build 106)
Hex Converter:   FromElf.exe V5.05 update 1 (build 106)
CPU DLL:         SARMCM3.DLL V5.14.0.0
Dialog DLL:      DCM.DLL V1.13.1.0
Target DLL:      Segger\JL2CM3.dll V2.99.13.0
Dialog DLL:      TCM.DLL V1.14.4.0
 
<h2>Project:</h2>
F:\ARMPoject\SMA\code\project\SMA.uvprojx
Project File Date:  08/07/2017

<h2>Output:</h2>
Rebuild target 'Target 1'
compiling main.c...
compiling public.c...
compiling variables_def.c...
compiling core_cm3.c...
compiling system_stm32f10x.c...
assembling startup_stm32f10x_hd.s...
compiling stm32f10x_spi.c...
compiling stm32f10x_iwdg.c...
compiling stm32f10x_it.c...
compiling stm32f10x_gpio.c...
compiling stm32f10x_rcc.c...
compiling stm32f10x_usart.c...
compiling misc.c...
compiling stm32f10x_tim.c...
compiling systick.c...
compiling usart.c...
compiling time.c...
compiling spi.c...
compiling flash.c...
compiling RC522.c...
compiling sys.c...
compiling delay.c...
APP\delay\delay.c(6): warning:  #550-D: variable "fac_ms" was set but never used
  static u16 fac_ms=0;                                                  //ms延时倍乘数,在ucos下,代表每个节拍的ms数
APP\delay\delay.c: 1 warning, 0 errors
compiling iwdg.c...
linking...
Program Size: Code=20840 RO-data=336 RW-data=156 ZI-data=6268  
FromELF: creating hex file...
".\output\TIOM.axf" - 0 Error(s), 1 Warning(s).

<h2>Collection of Component include folders:</h2>
  F:\ARMPoject\SMA\code\project\RTE
  C:\Keil_v5\ARM\PACK\Keil\STM32F1xx_DFP\2.1.0

<h2>Collection of Component Files used:</h2>
</pre>
</body>
</html>
