Component: ARM Compiler 5.05 update 1 (build 106) Tool: armlink [4d0efa]

==============================================================================

Section Cross References

    main.o(.text) refers to stm32f10x_gpio.o(.text) for GPIO_WriteBit
    main.o(.text) refers to stm32f10x_rcc.o(.text) for RCC_DeInit
    main.o(.text) refers to misc.o(.text) for NVIC_SetVectorTable
    main.o(.text) refers to variables_def.o(.data) for OutGPA
    main.o(.text) refers to stm32f10x_iwdg.o(.text) for IWDG_ReloadCounter
    main.o(.text) refers to rt_memcpy_v6.o(.text) for __aeabi_memcpy
    main.o(.text) refers to stm32f10x_usart.o(.text) for USART_SendData
    main.o(.text) refers to variables_def.o(.bss) for sens
    main.o(.text) refers to systick.o(.text) for delay_ms
    main.o(.text) refers to rc522.o(.text) for PcdRequest
    main.o(.text) refers to main.o(.bss) for re_code
    main.o(.text) refers to time.o(.text) for time_init
    main.o(.text) refers to usart.o(.text) for usart_all_init
    main.o(.text) refers to flash.o(.text) for FLASH_Init
    main.o(.text) refers to main.o(.constdata) for TEXT_Buffer
    system_stm32f10x.o(.text) refers to system_stm32f10x.o(.data) for SystemCoreClock
    startup_stm32f10x_hd.o(STACK) refers (Special) to heapauxi.o(.text) for __use_two_region_memory
    startup_stm32f10x_hd.o(HEAP) refers (Special) to heapauxi.o(.text) for __use_two_region_memory
    startup_stm32f10x_hd.o(RESET) refers (Special) to heapauxi.o(.text) for __use_two_region_memory
    startup_stm32f10x_hd.o(RESET) refers to startup_stm32f10x_hd.o(STACK) for __initial_sp
    startup_stm32f10x_hd.o(RESET) refers to startup_stm32f10x_hd.o(.text) for Reset_Handler
    startup_stm32f10x_hd.o(RESET) refers to stm32f10x_it.o(.text) for NMI_Handler
    startup_stm32f10x_hd.o(.text) refers (Special) to heapauxi.o(.text) for __use_two_region_memory
    startup_stm32f10x_hd.o(.text) refers to system_stm32f10x.o(.text) for SystemInit
    startup_stm32f10x_hd.o(.text) refers to __main.o(!!!main) for __main
    startup_stm32f10x_hd.o(.text) refers to startup_stm32f10x_hd.o(HEAP) for Heap_Mem
    startup_stm32f10x_hd.o(.text) refers to startup_stm32f10x_hd.o(STACK) for Stack_Mem
    stm32f10x_spi.o(.text) refers to stm32f10x_rcc.o(.text) for RCC_APB2PeriphResetCmd
    stm32f10x_it.o(.text) refers to stm32f10x_usart.o(.text) for USART_ClearFlag
    stm32f10x_it.o(.text) refers to main.o(.text) for cmd_act
    stm32f10x_it.o(.text) refers to stm32f10x_it.o(.bss) for receive_buff
    stm32f10x_it.o(.text) refers to stm32f10x_it.o(.data) for n
    stm32f10x_it.o(.text) refers to variables_def.o(.data) for communication_step
    stm32f10x_it.o(.text) refers to variables_def.o(.bss) for inbox
    stm32f10x_it.o(.text) refers to stm32f10x_tim.o(.text) for TIM_ClearITPendingBit
    stm32f10x_it.o(.text) refers to stm32f10x_gpio.o(.text) for GPIO_WriteBit
    stm32f10x_gpio.o(.text) refers to stm32f10x_rcc.o(.text) for RCC_APB2PeriphResetCmd
    stm32f10x_rcc.o(.text) refers to stm32f10x_rcc.o(.data) for APBAHBPrescTable
    stm32f10x_usart.o(.text) refers to stm32f10x_rcc.o(.text) for RCC_APB2PeriphResetCmd
    stm32f10x_tim.o(.text) refers to stm32f10x_rcc.o(.text) for RCC_APB2PeriphResetCmd
    usart.o(.text) refers to stm32f10x_rcc.o(.text) for RCC_APB2PeriphClockCmd
    usart.o(.text) refers to stm32f10x_gpio.o(.text) for GPIO_Init
    usart.o(.text) refers to stm32f10x_usart.o(.text) for USART_Init
    usart.o(.text) refers to misc.o(.text) for NVIC_PriorityGroupConfig
    time.o(.text) refers to stm32f10x_rcc.o(.text) for RCC_APB1PeriphClockCmd
    time.o(.text) refers to stm32f10x_tim.o(.text) for TIM_ClearITPendingBit
    time.o(.text) refers to misc.o(.text) for NVIC_PriorityGroupConfig
    spi.o(.text) refers to stm32f10x_rcc.o(.text) for RCC_APB2PeriphClockCmd
    spi.o(.text) refers to stm32f10x_gpio.o(.text) for GPIO_Init
    spi.o(.text) refers to stm32f10x_spi.o(.text) for SPI_Cmd
    flash.o(.text) refers to stm32f10x_gpio.o(.text) for GPIO_ResetBits
    flash.o(.text) refers to spi.o(.text) for SPI1_WriteReadData
    flash.o(.text) refers to stm32f10x_rcc.o(.text) for RCC_APB2PeriphClockCmd
    flash.o(.text) refers to flash.o(.bss) for flashBuff
    rc522.o(.text) refers to stm32f10x_gpio.o(.text) for GPIO_Init
    rc522.o(.text) refers to systick.o(.text) for delay_us
    rc522.o(.text) refers to variables_def.o(.data) for g_cbWaitRespDly
    sys.o(.text) refers to misc.o(.text) for NVIC_PriorityGroupConfig
    delay.o(.text) refers to misc.o(.text) for SysTick_CLKSourceConfig
    delay.o(.text) refers to system_stm32f10x.o(.data) for SystemCoreClock
    delay.o(.text) refers to delay.o(.data) for fac_us
    iwdg.o(.text) refers to stm32f10x_iwdg.o(.text) for IWDG_WriteAccessCmd
    rt_memcpy_v6.o(.text) refers to rt_memcpy_w.o(.text) for __aeabi_memcpy4
    __main.o(!!!main) refers to __rtentry.o(.ARM.Collect$$rtentry$$00000000) for __rt_entry
    __rtentry.o(.ARM.Collect$$rtentry$$00000000) refers (Special) to __rtentry2.o(.ARM.Collect$$rtentry$$0000000A) for __rt_entry_li
    __rtentry.o(.ARM.Collect$$rtentry$$00000000) refers (Special) to __rtentry2.o(.ARM.Collect$$rtentry$$0000000D) for __rt_entry_main
    __rtentry.o(.ARM.Collect$$rtentry$$00000000) refers (Special) to __rtentry2.o(.ARM.Collect$$rtentry$$0000000C) for __rt_entry_postli_1
    __rtentry.o(.ARM.Collect$$rtentry$$00000000) refers (Special) to __rtentry2.o(.ARM.Collect$$rtentry$$00000009) for __rt_entry_postsh_1
    __rtentry.o(.ARM.Collect$$rtentry$$00000000) refers (Special) to __rtentry2.o(.ARM.Collect$$rtentry$$00000002) for __rt_entry_presh_1
    __rtentry.o(.ARM.Collect$$rtentry$$00000000) refers (Special) to __rtentry4.o(.ARM.Collect$$rtentry$$00000004) for __rt_entry_sh
    __rtentry2.o(.ARM.Collect$$rtentry$$00000008) refers to boardinit2.o(.text) for _platform_post_stackheap_init
    __rtentry2.o(.ARM.Collect$$rtentry$$0000000A) refers to libinit.o(.ARM.Collect$$libinit$$00000000) for __rt_lib_init
    __rtentry2.o(.ARM.Collect$$rtentry$$0000000B) refers to boardinit3.o(.text) for _platform_post_lib_init
    __rtentry2.o(.ARM.Collect$$rtentry$$0000000D) refers to main.o(.text) for main
    __rtentry2.o(.ARM.Collect$$rtentry$$0000000D) refers to exit.o(.text) for exit
    __rtentry2.o(.ARM.exidx) refers to __rtentry2.o(.ARM.Collect$$rtentry$$00000001) for .ARM.Collect$$rtentry$$00000001
    __rtentry2.o(.ARM.exidx) refers to __rtentry2.o(.ARM.Collect$$rtentry$$00000008) for .ARM.Collect$$rtentry$$00000008
    __rtentry2.o(.ARM.exidx) refers to __rtentry2.o(.ARM.Collect$$rtentry$$0000000A) for .ARM.Collect$$rtentry$$0000000A
    __rtentry2.o(.ARM.exidx) refers to __rtentry2.o(.ARM.Collect$$rtentry$$0000000B) for .ARM.Collect$$rtentry$$0000000B
    __rtentry2.o(.ARM.exidx) refers to __rtentry2.o(.ARM.Collect$$rtentry$$0000000D) for .ARM.Collect$$rtentry$$0000000D
    __rtentry4.o(.ARM.Collect$$rtentry$$00000004) refers to sys_stackheap_outer.o(.text) for __user_setup_stackheap
    __rtentry4.o(.ARM.exidx) refers to __rtentry4.o(.ARM.Collect$$rtentry$$00000004) for .ARM.Collect$$rtentry$$00000004
    sys_stackheap_outer.o(.text) refers to libspace.o(.text) for __user_perproc_libspace
    sys_stackheap_outer.o(.text) refers to startup_stm32f10x_hd.o(.text) for __user_initial_stackheap
    exit.o(.text) refers to rtexit.o(.ARM.Collect$$rtexit$$00000000) for __rt_exit
    libinit.o(.ARM.Collect$$libinit$$00000000) refers (Special) to libinit2.o(.ARM.Collect$$libinit$$0000002E) for __rt_lib_init_alloca_1
    libinit.o(.ARM.Collect$$libinit$$00000000) refers (Special) to libinit2.o(.ARM.Collect$$libinit$$0000002C) for __rt_lib_init_argv_1
    libinit.o(.ARM.Collect$$libinit$$00000000) refers (Special) to libinit2.o(.ARM.Collect$$libinit$$0000001B) for __rt_lib_init_atexit_1
    libinit.o(.ARM.Collect$$libinit$$00000000) refers (Special) to libinit2.o(.ARM.Collect$$libinit$$00000021) for __rt_lib_init_clock_1
    libinit.o(.ARM.Collect$$libinit$$00000000) refers (Special) to libinit2.o(.ARM.Collect$$libinit$$00000032) for __rt_lib_init_cpp_1
    libinit.o(.ARM.Collect$$libinit$$00000000) refers (Special) to libinit2.o(.ARM.Collect$$libinit$$00000030) for __rt_lib_init_exceptions_1
    libinit.o(.ARM.Collect$$libinit$$00000000) refers (Special) to libinit2.o(.ARM.Collect$$libinit$$00000002) for __rt_lib_init_fp_1
    libinit.o(.ARM.Collect$$libinit$$00000000) refers (Special) to libinit2.o(.ARM.Collect$$libinit$$0000001F) for __rt_lib_init_fp_trap_1
    libinit.o(.ARM.Collect$$libinit$$00000000) refers (Special) to libinit2.o(.ARM.Collect$$libinit$$00000023) for __rt_lib_init_getenv_1
    libinit.o(.ARM.Collect$$libinit$$00000000) refers (Special) to libinit2.o(.ARM.Collect$$libinit$$0000000A) for __rt_lib_init_heap_1
    libinit.o(.ARM.Collect$$libinit$$00000000) refers (Special) to libinit2.o(.ARM.Collect$$libinit$$00000011) for __rt_lib_init_lc_collate_1
    libinit.o(.ARM.Collect$$libinit$$00000000) refers (Special) to libinit2.o(.ARM.Collect$$libinit$$00000013) for __rt_lib_init_lc_ctype_1
    libinit.o(.ARM.Collect$$libinit$$00000000) refers (Special) to libinit2.o(.ARM.Collect$$libinit$$00000015) for __rt_lib_init_lc_monetary_1
    libinit.o(.ARM.Collect$$libinit$$00000000) refers (Special) to libinit2.o(.ARM.Collect$$libinit$$00000017) for __rt_lib_init_lc_numeric_1
    libinit.o(.ARM.Collect$$libinit$$00000000) refers (Special) to libinit2.o(.ARM.Collect$$libinit$$00000019) for __rt_lib_init_lc_time_1
    libinit.o(.ARM.Collect$$libinit$$00000000) refers (Special) to libinit2.o(.ARM.Collect$$libinit$$00000004) for __rt_lib_init_preinit_1
    libinit.o(.ARM.Collect$$libinit$$00000000) refers (Special) to libinit2.o(.ARM.Collect$$libinit$$0000000E) for __rt_lib_init_rand_1
    libinit.o(.ARM.Collect$$libinit$$00000000) refers (Special) to libinit2.o(.ARM.Collect$$libinit$$00000033) for __rt_lib_init_return
    libinit.o(.ARM.Collect$$libinit$$00000000) refers (Special) to libinit2.o(.ARM.Collect$$libinit$$0000001D) for __rt_lib_init_signal_1
    libinit.o(.ARM.Collect$$libinit$$00000000) refers (Special) to libinit2.o(.ARM.Collect$$libinit$$00000025) for __rt_lib_init_stdio_1
    libinit.o(.ARM.Collect$$libinit$$00000000) refers (Special) to libinit2.o(.ARM.Collect$$libinit$$0000000C) for __rt_lib_init_user_alloc_1
    libspace.o(.text) refers to libspace.o(.bss) for __libspace_start
    rtexit.o(.ARM.Collect$$rtexit$$00000000) refers (Special) to rtexit2.o(.ARM.Collect$$rtexit$$00000004) for __rt_exit_exit
    rtexit.o(.ARM.Collect$$rtexit$$00000000) refers (Special) to rtexit2.o(.ARM.Collect$$rtexit$$00000003) for __rt_exit_ls
    rtexit.o(.ARM.Collect$$rtexit$$00000000) refers (Special) to rtexit2.o(.ARM.Collect$$rtexit$$00000002) for __rt_exit_prels_1
    rtexit.o(.ARM.exidx) refers (Special) to rtexit2.o(.ARM.Collect$$rtexit$$00000004) for __rt_exit_exit
    rtexit.o(.ARM.exidx) refers (Special) to rtexit2.o(.ARM.Collect$$rtexit$$00000003) for __rt_exit_ls
    rtexit.o(.ARM.exidx) refers (Special) to rtexit2.o(.ARM.Collect$$rtexit$$00000002) for __rt_exit_prels_1
    rtexit.o(.ARM.exidx) refers to rtexit.o(.ARM.Collect$$rtexit$$00000000) for .ARM.Collect$$rtexit$$00000000
    libinit2.o(.ARM.Collect$$libinit$$00000010) refers to libinit2.o(.ARM.Collect$$libinit$$0000000F) for .ARM.Collect$$libinit$$0000000F
    libinit2.o(.ARM.Collect$$libinit$$00000012) refers to libinit2.o(.ARM.Collect$$libinit$$0000000F) for .ARM.Collect$$libinit$$0000000F
    libinit2.o(.ARM.Collect$$libinit$$00000014) refers to libinit2.o(.ARM.Collect$$libinit$$0000000F) for .ARM.Collect$$libinit$$0000000F
    libinit2.o(.ARM.Collect$$libinit$$00000016) refers to libinit2.o(.ARM.Collect$$libinit$$0000000F) for .ARM.Collect$$libinit$$0000000F
    libinit2.o(.ARM.Collect$$libinit$$00000018) refers to libinit2.o(.ARM.Collect$$libinit$$0000000F) for .ARM.Collect$$libinit$$0000000F
    libinit2.o(.ARM.Collect$$libinit$$00000026) refers to argv_veneer.o(.emb_text) for __ARM_argv_veneer
    libinit2.o(.ARM.Collect$$libinit$$00000027) refers to argv_veneer.o(.emb_text) for __ARM_argv_veneer
    rtexit2.o(.ARM.Collect$$rtexit$$00000003) refers to libshutdown.o(.ARM.Collect$$libshutdown$$00000000) for __rt_lib_shutdown
    rtexit2.o(.ARM.Collect$$rtexit$$00000004) refers to sys_exit.o(.text) for _sys_exit
    rtexit2.o(.ARM.exidx) refers to rtexit2.o(.ARM.Collect$$rtexit$$00000001) for .ARM.Collect$$rtexit$$00000001
    rtexit2.o(.ARM.exidx) refers to rtexit2.o(.ARM.Collect$$rtexit$$00000003) for .ARM.Collect$$rtexit$$00000003
    rtexit2.o(.ARM.exidx) refers to rtexit2.o(.ARM.Collect$$rtexit$$00000004) for .ARM.Collect$$rtexit$$00000004
    argv_veneer.o(.emb_text) refers to no_argv.o(.text) for __ARM_get_argv
    sys_exit.o(.text) refers (Special) to use_no_semi.o(.text) for __I$use$semihosting
    sys_exit.o(.text) refers (Special) to indicate_semi.o(.text) for __semihosting_library_function
    _get_argv_nomalloc.o(.text) refers (Special) to hrguard.o(.text) for __heap_region$guard
    _get_argv_nomalloc.o(.text) refers to defsig_rtmem_outer.o(.text) for __rt_SIGRTMEM
    _get_argv_nomalloc.o(.text) refers to sys_command.o(.text) for _sys_command_string
    libshutdown.o(.ARM.Collect$$libshutdown$$00000000) refers (Special) to libshutdown2.o(.ARM.Collect$$libshutdown$$00000006) for __rt_lib_shutdown_fp_trap_1
    libshutdown.o(.ARM.Collect$$libshutdown$$00000000) refers (Special) to libshutdown2.o(.ARM.Collect$$libshutdown$$0000000E) for __rt_lib_shutdown_heap_1
    libshutdown.o(.ARM.Collect$$libshutdown$$00000000) refers (Special) to libshutdown2.o(.ARM.Collect$$libshutdown$$0000000F) for __rt_lib_shutdown_return
    libshutdown.o(.ARM.Collect$$libshutdown$$00000000) refers (Special) to libshutdown2.o(.ARM.Collect$$libshutdown$$00000009) for __rt_lib_shutdown_signal_1
    libshutdown.o(.ARM.Collect$$libshutdown$$00000000) refers (Special) to libshutdown2.o(.ARM.Collect$$libshutdown$$00000003) for __rt_lib_shutdown_stdio_1
    libshutdown.o(.ARM.Collect$$libshutdown$$00000000) refers (Special) to libshutdown2.o(.ARM.Collect$$libshutdown$$0000000B) for __rt_lib_shutdown_user_alloc_1
    sys_command.o(.text) refers (Special) to use_no_semi.o(.text) for __I$use$semihosting
    sys_command.o(.text) refers (Special) to indicate_semi.o(.text) for __semihosting_library_function
    defsig_rtmem_outer.o(.text) refers to defsig_rtmem_inner.o(.text) for __rt_SIGRTMEM_inner
    defsig_rtmem_outer.o(.text) refers to defsig_exit.o(.text) for __sig_exit
    defsig_rtmem_formal.o(.text) refers to rt_raise.o(.text) for __rt_raise
    rt_raise.o(.text) refers to __raise.o(.text) for __raise
    rt_raise.o(.text) refers to sys_exit.o(.text) for _sys_exit
    defsig_exit.o(.text) refers to sys_exit.o(.text) for _sys_exit
    defsig_rtmem_inner.o(.text) refers to defsig_general.o(.text) for __default_signal_display
    __raise.o(.text) refers to defsig.o(CL$$defsig) for __default_signal_handler
    defsig_general.o(.text) refers to sys_wrch.o(.text) for _ttywrch
    sys_wrch.o(.text) refers (Special) to use_no_semi.o(.text) for __I$use$semihosting
    sys_wrch.o(.text) refers (Special) to indicate_semi.o(.text) for __semihosting_library_function
    defsig.o(CL$$defsig) refers to defsig_rtmem_inner.o(.text) for __rt_SIGRTMEM_inner
    defsig_abrt_inner.o(.text) refers to defsig_general.o(.text) for __default_signal_display
    defsig_fpe_inner.o(.text) refers to defsig_general.o(.text) for __default_signal_display
    defsig_rtred_inner.o(.text) refers to defsig_general.o(.text) for __default_signal_display
    defsig_stak_inner.o(.text) refers to defsig_general.o(.text) for __default_signal_display
    defsig_pvfn_inner.o(.text) refers to defsig_general.o(.text) for __default_signal_display
    defsig_cppl_inner.o(.text) refers to defsig_general.o(.text) for __default_signal_display
    defsig_segv_inner.o(.text) refers to defsig_general.o(.text) for __default_signal_display
    defsig_other.o(.text) refers to defsig_general.o(.text) for __default_signal_display


==============================================================================

Removing Unused input sections from the image.

    Removing core_cm3.o(.emb_text), (32 bytes).
    Removing sys.o(.text), (12 bytes).
    Removing delay.o(.text), (68 bytes).
    Removing delay.o(.data), (4 bytes).
    Removing iwdg.o(.text), (34 bytes).

5 unused section(s) (total 150 bytes) removed from the image.

==============================================================================

Image Symbol Table

    Local Symbols

    Symbol Name                              Value     Ov Type        Size  Object(Section)

    ../clib/angel/boardlib.s                 0x00000000   Number         0  boardshut.o ABSOLUTE
    ../clib/angel/boardlib.s                 0x00000000   Number         0  boardinit1.o ABSOLUTE
    ../clib/angel/boardlib.s                 0x00000000   Number         0  boardinit2.o ABSOLUTE
    ../clib/angel/boardlib.s                 0x00000000   Number         0  boardinit3.o ABSOLUTE
    ../clib/angel/handlers.s                 0x00000000   Number         0  __scatter_copy.o ABSOLUTE
    ../clib/angel/handlers.s                 0x00000000   Number         0  __scatter_zi.o ABSOLUTE
    ../clib/angel/kernel.s                   0x00000000   Number         0  __rtentry.o ABSOLUTE
    ../clib/angel/kernel.s                   0x00000000   Number         0  rtexit2.o ABSOLUTE
    ../clib/angel/kernel.s                   0x00000000   Number         0  __rtentry2.o ABSOLUTE
    ../clib/angel/kernel.s                   0x00000000   Number         0  __rtentry4.o ABSOLUTE
    ../clib/angel/kernel.s                   0x00000000   Number         0  rtexit.o ABSOLUTE
    ../clib/angel/rt.s                       0x00000000   Number         0  rt_raise.o ABSOLUTE
    ../clib/angel/scatter.s                  0x00000000   Number         0  __scatter.o ABSOLUTE
    ../clib/angel/startup.s                  0x00000000   Number         0  __main.o ABSOLUTE
    ../clib/angel/sys.s                      0x00000000   Number         0  indicate_semi.o ABSOLUTE
    ../clib/angel/sys.s                      0x00000000   Number         0  use_no_semi.o ABSOLUTE
    ../clib/angel/sys.s                      0x00000000   Number         0  sys_stackheap_outer.o ABSOLUTE
    ../clib/angel/sys.s                      0x00000000   Number         0  libspace.o ABSOLUTE
    ../clib/angel/sysapp.c                   0x00000000   Number         0  sys_command.o ABSOLUTE
    ../clib/angel/sysapp.c                   0x00000000   Number         0  sys_exit.o ABSOLUTE
    ../clib/angel/sysapp.c                   0x00000000   Number         0  sys_wrch.o ABSOLUTE
    ../clib/armsys.c                         0x00000000   Number         0  argv_veneer.o ABSOLUTE
    ../clib/armsys.c                         0x00000000   Number         0  argv_veneer.o ABSOLUTE
    ../clib/armsys.c                         0x00000000   Number         0  no_argv.o ABSOLUTE
    ../clib/armsys.c                         0x00000000   Number         0  _get_argv_nomalloc.o ABSOLUTE
    ../clib/heapalloc.c                      0x00000000   Number         0  hrguard.o ABSOLUTE
    ../clib/heapaux.c                        0x00000000   Number         0  heapauxi.o ABSOLUTE
    ../clib/libinit.s                        0x00000000   Number         0  libshutdown2.o ABSOLUTE
    ../clib/libinit.s                        0x00000000   Number         0  libshutdown.o ABSOLUTE
    ../clib/libinit.s                        0x00000000   Number         0  libinit.o ABSOLUTE
    ../clib/libinit.s                        0x00000000   Number         0  libinit2.o ABSOLUTE
    ../clib/memcpset.s                       0x00000000   Number         0  rt_memcpy_v6.o ABSOLUTE
    ../clib/memcpset.s                       0x00000000   Number         0  rt_memcpy_w.o ABSOLUTE
    ../clib/signal.c                         0x00000000   Number         0  defsig_pvfn_inner.o ABSOLUTE
    ../clib/signal.c                         0x00000000   Number         0  defsig_stak_inner.o ABSOLUTE
    ../clib/signal.c                         0x00000000   Number         0  defsig_fpe_inner.o ABSOLUTE
    ../clib/signal.c                         0x00000000   Number         0  defsig_abrt_inner.o ABSOLUTE
    ../clib/signal.c                         0x00000000   Number         0  defsig_rtmem_formal.o ABSOLUTE
    ../clib/signal.c                         0x00000000   Number         0  defsig_general.o ABSOLUTE
    ../clib/signal.c                         0x00000000   Number         0  defsig_rtmem_outer.o ABSOLUTE
    ../clib/signal.c                         0x00000000   Number         0  __raise.o ABSOLUTE
    ../clib/signal.c                         0x00000000   Number         0  defsig_rtmem_inner.o ABSOLUTE
    ../clib/signal.c                         0x00000000   Number         0  defsig_rtred_inner.o ABSOLUTE
    ../clib/signal.c                         0x00000000   Number         0  defsig_exit.o ABSOLUTE
    ../clib/signal.c                         0x00000000   Number         0  defsig_other.o ABSOLUTE
    ../clib/signal.c                         0x00000000   Number         0  defsig_segv_inner.o ABSOLUTE
    ../clib/signal.c                         0x00000000   Number         0  defsig_cppl_inner.o ABSOLUTE
    ../clib/signal.s                         0x00000000   Number         0  defsig.o ABSOLUTE
    ../clib/stdlib.c                         0x00000000   Number         0  exit.o ABSOLUTE
    ../fplib/fpinit.s                        0x00000000   Number         0  fpinit.o ABSOLUTE
    APP\232\usart.c                          0x00000000   Number         0  usart.o ABSOLUTE
    APP\RFID\RC522.c                         0x00000000   Number         0  rc522.o ABSOLUTE
    APP\SysTick\systick.c                    0x00000000   Number         0  systick.o ABSOLUTE
    APP\TIM\time.c                           0x00000000   Number         0  time.o ABSOLUTE
    APP\delay\delay.c                        0x00000000   Number         0  delay.o ABSOLUTE
    APP\flash\flash.c                        0x00000000   Number         0  flash.o ABSOLUTE
    APP\iwdg\iwdg.c                          0x00000000   Number         0  iwdg.o ABSOLUTE
    APP\spi\spi.c                            0x00000000   Number         0  spi.o ABSOLUTE
    APP\sys\sys.c                            0x00000000   Number         0  sys.o ABSOLUTE
    Libraries\CMSIS\CM3\CoreSupport\core_cm3.c 0x00000000   Number         0  core_cm3.o ABSOLUTE
    Libraries\CMSIS\CM3\DeviceSupport\ST\STM32F10x\system_stm32f10x.c 0x00000000   Number         0  system_stm32f10x.o ABSOLUTE
    Libraries\STM32F10x_StdPeriph_Driver\src\misc.c 0x00000000   Number         0  misc.o ABSOLUTE
    Libraries\STM32F10x_StdPeriph_Driver\src\stm32f10x_gpio.c 0x00000000   Number         0  stm32f10x_gpio.o ABSOLUTE
    Libraries\STM32F10x_StdPeriph_Driver\src\stm32f10x_iwdg.c 0x00000000   Number         0  stm32f10x_iwdg.o ABSOLUTE
    Libraries\STM32F10x_StdPeriph_Driver\src\stm32f10x_rcc.c 0x00000000   Number         0  stm32f10x_rcc.o ABSOLUTE
    Libraries\STM32F10x_StdPeriph_Driver\src\stm32f10x_spi.c 0x00000000   Number         0  stm32f10x_spi.o ABSOLUTE
    Libraries\STM32F10x_StdPeriph_Driver\src\stm32f10x_tim.c 0x00000000   Number         0  stm32f10x_tim.o ABSOLUTE
    Libraries\STM32F10x_StdPeriph_Driver\src\stm32f10x_usart.c 0x00000000   Number         0  stm32f10x_usart.o ABSOLUTE
    Libraries\\CMSIS\\CM3\\CoreSupport\\core_cm3.c 0x00000000   Number         0  core_cm3.o ABSOLUTE
    dc.s                                     0x00000000   Number         0  dc.o ABSOLUTE
    startup\startup_stm32f10x_hd.s           0x00000000   Number         0  startup_stm32f10x_hd.o ABSOLUTE
    user\main.c                              0x00000000   Number         0  main.o ABSOLUTE
    user\public.c                            0x00000000   Number         0  public.o ABSOLUTE
    user\stm32f10x_it.c                      0x00000000   Number         0  stm32f10x_it.o ABSOLUTE
    user\variables_def.c                     0x00000000   Number         0  variables_def.o ABSOLUTE
    RESET                                    0x08000000   Section      304  startup_stm32f10x_hd.o(RESET)
    !!!main                                  0x08000130   Section        8  __main.o(!!!main)
    !!!scatter                               0x08000138   Section       52  __scatter.o(!!!scatter)
    !!handler_copy                           0x0800016c   Section       26  __scatter_copy.o(!!handler_copy)
    !!handler_zi                             0x08000188   Section       28  __scatter_zi.o(!!handler_zi)
    .ARM.Collect$$libinit$$00000000          0x080001a4   Section        2  libinit.o(.ARM.Collect$$libinit$$00000000)
    .ARM.Collect$$libinit$$00000002          0x080001a6   Section        0  libinit2.o(.ARM.Collect$$libinit$$00000002)
    .ARM.Collect$$libinit$$00000004          0x080001a6   Section        0  libinit2.o(.ARM.Collect$$libinit$$00000004)
    .ARM.Collect$$libinit$$0000000A          0x080001a6   Section        0  libinit2.o(.ARM.Collect$$libinit$$0000000A)
    .ARM.Collect$$libinit$$0000000C          0x080001a6   Section        0  libinit2.o(.ARM.Collect$$libinit$$0000000C)
    .ARM.Collect$$libinit$$0000000E          0x080001a6   Section        0  libinit2.o(.ARM.Collect$$libinit$$0000000E)
    .ARM.Collect$$libinit$$00000011          0x080001a6   Section        0  libinit2.o(.ARM.Collect$$libinit$$00000011)
    .ARM.Collect$$libinit$$00000013          0x080001a6   Section        0  libinit2.o(.ARM.Collect$$libinit$$00000013)
    .ARM.Collect$$libinit$$00000015          0x080001a6   Section        0  libinit2.o(.ARM.Collect$$libinit$$00000015)
    .ARM.Collect$$libinit$$00000017          0x080001a6   Section        0  libinit2.o(.ARM.Collect$$libinit$$00000017)
    .ARM.Collect$$libinit$$00000019          0x080001a6   Section        0  libinit2.o(.ARM.Collect$$libinit$$00000019)
    .ARM.Collect$$libinit$$0000001B          0x080001a6   Section        0  libinit2.o(.ARM.Collect$$libinit$$0000001B)
    .ARM.Collect$$libinit$$0000001D          0x080001a6   Section        0  libinit2.o(.ARM.Collect$$libinit$$0000001D)
    .ARM.Collect$$libinit$$0000001F          0x080001a6   Section        0  libinit2.o(.ARM.Collect$$libinit$$0000001F)
    .ARM.Collect$$libinit$$00000021          0x080001a6   Section        0  libinit2.o(.ARM.Collect$$libinit$$00000021)
    .ARM.Collect$$libinit$$00000023          0x080001a6   Section        0  libinit2.o(.ARM.Collect$$libinit$$00000023)
    .ARM.Collect$$libinit$$00000025          0x080001a6   Section        0  libinit2.o(.ARM.Collect$$libinit$$00000025)
    .ARM.Collect$$libinit$$0000002C          0x080001a6   Section        0  libinit2.o(.ARM.Collect$$libinit$$0000002C)
    .ARM.Collect$$libinit$$0000002E          0x080001a6   Section        0  libinit2.o(.ARM.Collect$$libinit$$0000002E)
    .ARM.Collect$$libinit$$00000030          0x080001a6   Section        0  libinit2.o(.ARM.Collect$$libinit$$00000030)
    .ARM.Collect$$libinit$$00000032          0x080001a6   Section        0  libinit2.o(.ARM.Collect$$libinit$$00000032)
    .ARM.Collect$$libinit$$00000033          0x080001a6   Section        2  libinit2.o(.ARM.Collect$$libinit$$00000033)
    .ARM.Collect$$libshutdown$$00000000      0x080001a8   Section        2  libshutdown.o(.ARM.Collect$$libshutdown$$00000000)
    .ARM.Collect$$libshutdown$$00000003      0x080001aa   Section        0  libshutdown2.o(.ARM.Collect$$libshutdown$$00000003)
    .ARM.Collect$$libshutdown$$00000006      0x080001aa   Section        0  libshutdown2.o(.ARM.Collect$$libshutdown$$00000006)
    .ARM.Collect$$libshutdown$$00000009      0x080001aa   Section        0  libshutdown2.o(.ARM.Collect$$libshutdown$$00000009)
    .ARM.Collect$$libshutdown$$0000000B      0x080001aa   Section        0  libshutdown2.o(.ARM.Collect$$libshutdown$$0000000B)
    .ARM.Collect$$libshutdown$$0000000E      0x080001aa   Section        0  libshutdown2.o(.ARM.Collect$$libshutdown$$0000000E)
    .ARM.Collect$$libshutdown$$0000000F      0x080001aa   Section        2  libshutdown2.o(.ARM.Collect$$libshutdown$$0000000F)
    .ARM.Collect$$rtentry$$00000000          0x080001ac   Section        0  __rtentry.o(.ARM.Collect$$rtentry$$00000000)
    .ARM.Collect$$rtentry$$00000002          0x080001ac   Section        0  __rtentry2.o(.ARM.Collect$$rtentry$$00000002)
    .ARM.Collect$$rtentry$$00000004          0x080001ac   Section        6  __rtentry4.o(.ARM.Collect$$rtentry$$00000004)
    .ARM.Collect$$rtentry$$00000009          0x080001b2   Section        0  __rtentry2.o(.ARM.Collect$$rtentry$$00000009)
    .ARM.Collect$$rtentry$$0000000A          0x080001b2   Section        4  __rtentry2.o(.ARM.Collect$$rtentry$$0000000A)
    .ARM.Collect$$rtentry$$0000000C          0x080001b6   Section        0  __rtentry2.o(.ARM.Collect$$rtentry$$0000000C)
    .ARM.Collect$$rtentry$$0000000D          0x080001b6   Section        8  __rtentry2.o(.ARM.Collect$$rtentry$$0000000D)
    .ARM.Collect$$rtexit$$00000000           0x080001be   Section        2  rtexit.o(.ARM.Collect$$rtexit$$00000000)
    .ARM.Collect$$rtexit$$00000002           0x080001c0   Section        0  rtexit2.o(.ARM.Collect$$rtexit$$00000002)
    .ARM.Collect$$rtexit$$00000003           0x080001c0   Section        4  rtexit2.o(.ARM.Collect$$rtexit$$00000003)
    .ARM.Collect$$rtexit$$00000004           0x080001c4   Section        6  rtexit2.o(.ARM.Collect$$rtexit$$00000004)
    .text                                    0x080001cc   Section        0  main.o(.text)
    vGPIOInit                                0x0800037b   Thumb Code   364  main.o(.text)
    prvSetupHardware                         0x080004e7   Thumb Code   144  main.o(.text)
    .text                                    0x08001670   Section        0  system_stm32f10x.o(.text)
    SetSysClockTo72                          0x08001671   Thumb Code   214  system_stm32f10x.o(.text)
    SetSysClock                              0x08001747   Thumb Code     8  system_stm32f10x.o(.text)
    .text                                    0x08001850   Section       64  startup_stm32f10x_hd.o(.text)
    .text                                    0x08001890   Section        0  stm32f10x_spi.o(.text)
    .text                                    0x08001b9c   Section        0  stm32f10x_iwdg.o(.text)
    .text                                    0x08001bdc   Section        0  stm32f10x_it.o(.text)
    .text                                    0x080022d8   Section        0  stm32f10x_gpio.o(.text)
    .text                                    0x08002634   Section        0  stm32f10x_rcc.o(.text)
    .text                                    0x080029d8   Section        0  stm32f10x_usart.o(.text)
    .text                                    0x08002de0   Section        0  misc.o(.text)
    .text                                    0x08002ebc   Section        0  stm32f10x_tim.o(.text)
    TI4_Config                               0x08003363   Thumb Code   130  stm32f10x_tim.o(.text)
    TI3_Config                               0x080033f7   Thumb Code   122  stm32f10x_tim.o(.text)
    TI2_Config                               0x0800348b   Thumb Code   130  stm32f10x_tim.o(.text)
    TI1_Config                               0x0800351f   Thumb Code   108  stm32f10x_tim.o(.text)
    .text                                    0x08003cd6   Section        0  systick.o(.text)
    .text                                    0x08003d44   Section        0  usart.o(.text)
    .text                                    0x08004118   Section        0  time.o(.text)
    .text                                    0x08004188   Section        0  spi.o(.text)
    .text                                    0x08004364   Section        0  flash.o(.text)
    FLASH_CheckBusy                          0x080043f1   Thumb Code    80  flash.o(.text)
    FLASH_WriteEnable                        0x080044ab   Thumb Code    46  flash.o(.text)
    FLASH_SectorErase                        0x080044d9   Thumb Code    78  flash.o(.text)
    FLASH_WritePage                          0x0800455d   Thumb Code   154  flash.o(.text)
    .text                                    0x080046c4   Section        0  rc522.o(.text)
    .text                                    0x08004ff0   Section      138  rt_memcpy_v6.o(.text)
    .text                                    0x0800507a   Section        0  heapauxi.o(.text)
    .text                                    0x08005080   Section      100  rt_memcpy_w.o(.text)
    .text                                    0x080050e4   Section       74  sys_stackheap_outer.o(.text)
    .text                                    0x0800512e   Section        0  exit.o(.text)
    .text                                    0x0800513c   Section        8  libspace.o(.text)
    .text                                    0x08005144   Section        0  sys_exit.o(.text)
    .text                                    0x08005150   Section        2  use_no_semi.o(.text)
    .constdata                               0x08005152   Section       10  main.o(.constdata)
    .text                                    0x08005152   Section        0  indicate_semi.o(.text)
    .data                                    0x20000000   Section      108  variables_def.o(.data)
    .data                                    0x2000006c   Section       20  system_stm32f10x.o(.data)
    .data                                    0x20000080   Section        5  stm32f10x_it.o(.data)
    n                                        0x20000080   Data           1  stm32f10x_it.o(.data)
    k                                        0x20000081   Data           1  stm32f10x_it.o(.data)
    k                                        0x20000082   Data           1  stm32f10x_it.o(.data)
    k                                        0x20000083   Data           1  stm32f10x_it.o(.data)
    k                                        0x20000084   Data           1  stm32f10x_it.o(.data)
    .data                                    0x20000085   Section       20  stm32f10x_rcc.o(.data)
    APBAHBPrescTable                         0x20000085   Data          16  stm32f10x_rcc.o(.data)
    ADCPrescTable                            0x20000095   Data           4  stm32f10x_rcc.o(.data)
    .bss                                     0x2000009c   Section      116  main.o(.bss)
    re_code                                  0x200000a6   Data          53  main.o(.bss)
    re_code                                  0x200000db   Data          53  main.o(.bss)
    .bss                                     0x20000110   Section      108  variables_def.o(.bss)
    .bss                                     0x2000017c   Section      316  stm32f10x_it.o(.bss)
    receive_buff                             0x2000017c   Data         256  stm32f10x_it.o(.bss)
    com_temp                                 0x2000027c   Data          60  stm32f10x_it.o(.bss)
    .bss                                     0x200002b8   Section     4096  flash.o(.bss)
    flashBuff                                0x200002b8   Data        4096  flash.o(.bss)
    .bss                                     0x200012b8   Section       96  libspace.o(.bss)
    HEAP                                     0x20001318   Section      512  startup_stm32f10x_hd.o(HEAP)
    Heap_Mem                                 0x20001318   Data         512  startup_stm32f10x_hd.o(HEAP)
    STACK                                    0x20001518   Section     1024  startup_stm32f10x_hd.o(STACK)
    Stack_Mem                                0x20001518   Data        1024  startup_stm32f10x_hd.o(STACK)
    __initial_sp                             0x20001918   Data           0  startup_stm32f10x_hd.o(STACK)

    Global Symbols

    Symbol Name                              Value     Ov Type        Size  Object(Section)

    BuildAttributes$$THM_ISAv4$P$D$K$B$S$PE$A:L22UL41UL21$X:L11$S22US41US21$IEEE1$IW$USESV6$~STKCKD$USESV7$~SHL$OSPACE$ROPI$EBA8$UX$STANDARDLIB$REQ8$PRES8$EABIv2 0x00000000   Number         0  anon$$obj.o ABSOLUTE
    __ARM_use_no_argv                        0x00000000   Number         0  main.o ABSOLUTE
    __ARM_exceptions_init                     - Undefined Weak Reference
    __alloca_initialize                       - Undefined Weak Reference
    __arm_preinit_                            - Undefined Weak Reference
    __cpp_initialize__aeabi_                  - Undefined Weak Reference
    __cxa_finalize                            - Undefined Weak Reference
    __rt_locale                               - Undefined Weak Reference
    __sigvec_lookup                           - Undefined Weak Reference
    _atexit_init                              - Undefined Weak Reference
    _call_atexit_fns                          - Undefined Weak Reference
    _clock_init                               - Undefined Weak Reference
    _fp_trap_init                             - Undefined Weak Reference
    _fp_trap_shutdown                         - Undefined Weak Reference
    _get_lc_collate                           - Undefined Weak Reference
    _get_lc_ctype                             - Undefined Weak Reference
    _get_lc_monetary                          - Undefined Weak Reference
    _get_lc_numeric                           - Undefined Weak Reference
    _get_lc_time                              - Undefined Weak Reference
    _getenv_init                              - Undefined Weak Reference
    _handle_redirection                       - Undefined Weak Reference
    _init_alloc                               - Undefined Weak Reference
    _init_user_alloc                          - Undefined Weak Reference
    _initio                                   - Undefined Weak Reference
    _rand_init                                - Undefined Weak Reference
    _signal_finish                            - Undefined Weak Reference
    _signal_init                              - Undefined Weak Reference
    _terminate_alloc                          - Undefined Weak Reference
    _terminate_user_alloc                     - Undefined Weak Reference
    _terminateio                              - Undefined Weak Reference
    __Vectors_Size                           0x00000130   Number         0  startup_stm32f10x_hd.o ABSOLUTE
    __Vectors                                0x08000000   Data           4  startup_stm32f10x_hd.o(RESET)
    __Vectors_End                            0x08000130   Data           0  startup_stm32f10x_hd.o(RESET)
    __main                                   0x08000131   Thumb Code     8  __main.o(!!!main)
    __scatterload                            0x08000139   Thumb Code     0  __scatter.o(!!!scatter)
    __scatterload_rt2                        0x08000139   Thumb Code    44  __scatter.o(!!!scatter)
    __scatterload_rt2_thumb_only             0x08000139   Thumb Code     0  __scatter.o(!!!scatter)
    __scatterload_null                       0x08000147   Thumb Code     0  __scatter.o(!!!scatter)
    __scatterload_copy                       0x0800016d   Thumb Code    26  __scatter_copy.o(!!handler_copy)
    __scatterload_zeroinit                   0x08000189   Thumb Code    28  __scatter_zi.o(!!handler_zi)
    __rt_lib_init                            0x080001a5   Thumb Code     0  libinit.o(.ARM.Collect$$libinit$$00000000)
    __rt_lib_init_alloca_1                   0x080001a7   Thumb Code     0  libinit2.o(.ARM.Collect$$libinit$$0000002E)
    __rt_lib_init_argv_1                     0x080001a7   Thumb Code     0  libinit2.o(.ARM.Collect$$libinit$$0000002C)
    __rt_lib_init_atexit_1                   0x080001a7   Thumb Code     0  libinit2.o(.ARM.Collect$$libinit$$0000001B)
    __rt_lib_init_clock_1                    0x080001a7   Thumb Code     0  libinit2.o(.ARM.Collect$$libinit$$00000021)
    __rt_lib_init_cpp_1                      0x080001a7   Thumb Code     0  libinit2.o(.ARM.Collect$$libinit$$00000032)
    __rt_lib_init_exceptions_1               0x080001a7   Thumb Code     0  libinit2.o(.ARM.Collect$$libinit$$00000030)
    __rt_lib_init_fp_1                       0x080001a7   Thumb Code     0  libinit2.o(.ARM.Collect$$libinit$$00000002)
    __rt_lib_init_fp_trap_1                  0x080001a7   Thumb Code     0  libinit2.o(.ARM.Collect$$libinit$$0000001F)
    __rt_lib_init_getenv_1                   0x080001a7   Thumb Code     0  libinit2.o(.ARM.Collect$$libinit$$00000023)
    __rt_lib_init_heap_1                     0x080001a7   Thumb Code     0  libinit2.o(.ARM.Collect$$libinit$$0000000A)
    __rt_lib_init_lc_collate_1               0x080001a7   Thumb Code     0  libinit2.o(.ARM.Collect$$libinit$$00000011)
    __rt_lib_init_lc_ctype_1                 0x080001a7   Thumb Code     0  libinit2.o(.ARM.Collect$$libinit$$00000013)
    __rt_lib_init_lc_monetary_1              0x080001a7   Thumb Code     0  libinit2.o(.ARM.Collect$$libinit$$00000015)
    __rt_lib_init_lc_numeric_1               0x080001a7   Thumb Code     0  libinit2.o(.ARM.Collect$$libinit$$00000017)
    __rt_lib_init_lc_time_1                  0x080001a7   Thumb Code     0  libinit2.o(.ARM.Collect$$libinit$$00000019)
    __rt_lib_init_preinit_1                  0x080001a7   Thumb Code     0  libinit2.o(.ARM.Collect$$libinit$$00000004)
    __rt_lib_init_rand_1                     0x080001a7   Thumb Code     0  libinit2.o(.ARM.Collect$$libinit$$0000000E)
    __rt_lib_init_return                     0x080001a7   Thumb Code     0  libinit2.o(.ARM.Collect$$libinit$$00000033)
    __rt_lib_init_signal_1                   0x080001a7   Thumb Code     0  libinit2.o(.ARM.Collect$$libinit$$0000001D)
    __rt_lib_init_stdio_1                    0x080001a7   Thumb Code     0  libinit2.o(.ARM.Collect$$libinit$$00000025)
    __rt_lib_init_user_alloc_1               0x080001a7   Thumb Code     0  libinit2.o(.ARM.Collect$$libinit$$0000000C)
    __rt_lib_shutdown                        0x080001a9   Thumb Code     0  libshutdown.o(.ARM.Collect$$libshutdown$$00000000)
    __rt_lib_shutdown_fp_trap_1              0x080001ab   Thumb Code     0  libshutdown2.o(.ARM.Collect$$libshutdown$$00000006)
    __rt_lib_shutdown_heap_1                 0x080001ab   Thumb Code     0  libshutdown2.o(.ARM.Collect$$libshutdown$$0000000E)
    __rt_lib_shutdown_return                 0x080001ab   Thumb Code     0  libshutdown2.o(.ARM.Collect$$libshutdown$$0000000F)
    __rt_lib_shutdown_signal_1               0x080001ab   Thumb Code     0  libshutdown2.o(.ARM.Collect$$libshutdown$$00000009)
    __rt_lib_shutdown_stdio_1                0x080001ab   Thumb Code     0  libshutdown2.o(.ARM.Collect$$libshutdown$$00000003)
    __rt_lib_shutdown_user_alloc_1           0x080001ab   Thumb Code     0  libshutdown2.o(.ARM.Collect$$libshutdown$$0000000B)
    __rt_entry                               0x080001ad   Thumb Code     0  __rtentry.o(.ARM.Collect$$rtentry$$00000000)
    __rt_entry_presh_1                       0x080001ad   Thumb Code     0  __rtentry2.o(.ARM.Collect$$rtentry$$00000002)
    __rt_entry_sh                            0x080001ad   Thumb Code     0  __rtentry4.o(.ARM.Collect$$rtentry$$00000004)
    __rt_entry_li                            0x080001b3   Thumb Code     0  __rtentry2.o(.ARM.Collect$$rtentry$$0000000A)
    __rt_entry_postsh_1                      0x080001b3   Thumb Code     0  __rtentry2.o(.ARM.Collect$$rtentry$$00000009)
    __rt_entry_main                          0x080001b7   Thumb Code     0  __rtentry2.o(.ARM.Collect$$rtentry$$0000000D)
    __rt_entry_postli_1                      0x080001b7   Thumb Code     0  __rtentry2.o(.ARM.Collect$$rtentry$$0000000C)
    __rt_exit                                0x080001bf   Thumb Code     0  rtexit.o(.ARM.Collect$$rtexit$$00000000)
    __rt_exit_ls                             0x080001c1   Thumb Code     0  rtexit2.o(.ARM.Collect$$rtexit$$00000003)
    __rt_exit_prels_1                        0x080001c1   Thumb Code     0  rtexit2.o(.ARM.Collect$$rtexit$$00000002)
    __rt_exit_exit                           0x080001c5   Thumb Code     0  rtexit2.o(.ARM.Collect$$rtexit$$00000004)
    delay                                    0x080001cd   Thumb Code    12  main.o(.text)
    Write_LED                                0x080001d9   Thumb Code   216  main.o(.text)
    LED_Display                              0x080002b1   Thumb Code   202  main.o(.text)
    Check_LRC                                0x08000577   Thumb Code    26  main.o(.text)
    SOLEA_ON                                 0x08000591   Thumb Code    14  main.o(.text)
    SOLEA_OFF                                0x0800059f   Thumb Code    14  main.o(.text)
    SOLEB_ON                                 0x080005ad   Thumb Code    14  main.o(.text)
    SOLEB_OFF                                0x080005bb   Thumb Code    58  main.o(.text)
    SOLEC_ON                                 0x080005f5   Thumb Code    14  main.o(.text)
    SOLEC_OFF                                0x08000603   Thumb Code    16  main.o(.text)
    SOLED_ON                                 0x08000613   Thumb Code    14  main.o(.text)
    SOLED_OFF                                0x08000621   Thumb Code    16  main.o(.text)
    SOLEE_ON                                 0x08000631   Thumb Code    14  main.o(.text)
    SOLEE_OFF                                0x0800063f   Thumb Code    14  main.o(.text)
    read_sensorstatus                        0x0800064d   Thumb Code   386  main.o(.text)
    SoleB_Open                               0x080007cf   Thumb Code    48  main.o(.text)
    SoleC_Open                               0x080007ff   Thumb Code    48  main.o(.text)
    SoleA_Open                               0x0800082f   Thumb Code    40  main.o(.text)
    KEEP_SOLE_STOP                           0x08000857   Thumb Code    24  main.o(.text)
    KEEP_SOLE_A                              0x0800086f   Thumb Code    64  main.o(.text)
    KEEP_SOLE_B                              0x080008af   Thumb Code    64  main.o(.text)
    GetBit                                   0x080008ef   Thumb Code    10  main.o(.text)
    SetBit                                   0x080008f9   Thumb Code     8  main.o(.text)
    cmd_act                                  0x08000901   Thumb Code    50  main.o(.text)
    cmd_reseive                              0x08000933   Thumb Code   270  main.o(.text)
    model_status_anto                        0x08000a41   Thumb Code   202  main.o(.text)
    sensor_self_check                        0x08000b0b   Thumb Code   520  main.o(.text)
    check_modelstatus                        0x08000d13   Thumb Code    16  main.o(.text)
    Sole_Open                                0x08000d23   Thumb Code    38  main.o(.text)
    module_init                              0x08000d49   Thumb Code   144  main.o(.text)
    ReadRFIDBLOCK                            0x08000dd9   Thumb Code   276  main.o(.text)
    WriteRFIDBLOCK                           0x08000eed   Thumb Code   212  main.o(.text)
    ReadRFID_Serial_Number                   0x08000fc1   Thumb Code   128  main.o(.text)
    check_command                            0x08001041   Thumb Code  1406  main.o(.text)
    RFID_INIT                                0x080015bf   Thumb Code    32  main.o(.text)
    main                                     0x080015df   Thumb Code    82  main.o(.text)
    SystemInit                               0x0800174f   Thumb Code    78  system_stm32f10x.o(.text)
    SystemCoreClockUpdate                    0x0800179d   Thumb Code   142  system_stm32f10x.o(.text)
    Reset_Handler                            0x08001851   Thumb Code     8  startup_stm32f10x_hd.o(.text)
    ADC1_2_IRQHandler                        0x0800186b   Thumb Code     0  startup_stm32f10x_hd.o(.text)
    ADC3_IRQHandler                          0x0800186b   Thumb Code     0  startup_stm32f10x_hd.o(.text)
    CAN1_RX1_IRQHandler                      0x0800186b   Thumb Code     0  startup_stm32f10x_hd.o(.text)
    CAN1_SCE_IRQHandler                      0x0800186b   Thumb Code     0  startup_stm32f10x_hd.o(.text)
    DMA1_Channel1_IRQHandler                 0x0800186b   Thumb Code     0  startup_stm32f10x_hd.o(.text)
    DMA1_Channel2_IRQHandler                 0x0800186b   Thumb Code     0  startup_stm32f10x_hd.o(.text)
    DMA1_Channel3_IRQHandler                 0x0800186b   Thumb Code     0  startup_stm32f10x_hd.o(.text)
    DMA1_Channel4_IRQHandler                 0x0800186b   Thumb Code     0  startup_stm32f10x_hd.o(.text)
    DMA1_Channel5_IRQHandler                 0x0800186b   Thumb Code     0  startup_stm32f10x_hd.o(.text)
    DMA1_Channel6_IRQHandler                 0x0800186b   Thumb Code     0  startup_stm32f10x_hd.o(.text)
    DMA1_Channel7_IRQHandler                 0x0800186b   Thumb Code     0  startup_stm32f10x_hd.o(.text)
    DMA2_Channel1_IRQHandler                 0x0800186b   Thumb Code     0  startup_stm32f10x_hd.o(.text)
    DMA2_Channel2_IRQHandler                 0x0800186b   Thumb Code     0  startup_stm32f10x_hd.o(.text)
    DMA2_Channel3_IRQHandler                 0x0800186b   Thumb Code     0  startup_stm32f10x_hd.o(.text)
    DMA2_Channel4_5_IRQHandler               0x0800186b   Thumb Code     0  startup_stm32f10x_hd.o(.text)
    EXTI0_IRQHandler                         0x0800186b   Thumb Code     0  startup_stm32f10x_hd.o(.text)
    EXTI15_10_IRQHandler                     0x0800186b   Thumb Code     0  startup_stm32f10x_hd.o(.text)
    EXTI1_IRQHandler                         0x0800186b   Thumb Code     0  startup_stm32f10x_hd.o(.text)
    EXTI2_IRQHandler                         0x0800186b   Thumb Code     0  startup_stm32f10x_hd.o(.text)
    EXTI3_IRQHandler                         0x0800186b   Thumb Code     0  startup_stm32f10x_hd.o(.text)
    EXTI4_IRQHandler                         0x0800186b   Thumb Code     0  startup_stm32f10x_hd.o(.text)
    EXTI9_5_IRQHandler                       0x0800186b   Thumb Code     0  startup_stm32f10x_hd.o(.text)
    FLASH_IRQHandler                         0x0800186b   Thumb Code     0  startup_stm32f10x_hd.o(.text)
    FSMC_IRQHandler                          0x0800186b   Thumb Code     0  startup_stm32f10x_hd.o(.text)
    I2C1_ER_IRQHandler                       0x0800186b   Thumb Code     0  startup_stm32f10x_hd.o(.text)
    I2C1_EV_IRQHandler                       0x0800186b   Thumb Code     0  startup_stm32f10x_hd.o(.text)
    I2C2_ER_IRQHandler                       0x0800186b   Thumb Code     0  startup_stm32f10x_hd.o(.text)
    I2C2_EV_IRQHandler                       0x0800186b   Thumb Code     0  startup_stm32f10x_hd.o(.text)
    PVD_IRQHandler                           0x0800186b   Thumb Code     0  startup_stm32f10x_hd.o(.text)
    RCC_IRQHandler                           0x0800186b   Thumb Code     0  startup_stm32f10x_hd.o(.text)
    RTCAlarm_IRQHandler                      0x0800186b   Thumb Code     0  startup_stm32f10x_hd.o(.text)
    RTC_IRQHandler                           0x0800186b   Thumb Code     0  startup_stm32f10x_hd.o(.text)
    SDIO_IRQHandler                          0x0800186b   Thumb Code     0  startup_stm32f10x_hd.o(.text)
    SPI1_IRQHandler                          0x0800186b   Thumb Code     0  startup_stm32f10x_hd.o(.text)
    SPI2_IRQHandler                          0x0800186b   Thumb Code     0  startup_stm32f10x_hd.o(.text)
    SPI3_IRQHandler                          0x0800186b   Thumb Code     0  startup_stm32f10x_hd.o(.text)
    TAMPER_IRQHandler                        0x0800186b   Thumb Code     0  startup_stm32f10x_hd.o(.text)
    TIM1_BRK_IRQHandler                      0x0800186b   Thumb Code     0  startup_stm32f10x_hd.o(.text)
    TIM1_CC_IRQHandler                       0x0800186b   Thumb Code     0  startup_stm32f10x_hd.o(.text)
    TIM1_TRG_COM_IRQHandler                  0x0800186b   Thumb Code     0  startup_stm32f10x_hd.o(.text)
    TIM1_UP_IRQHandler                       0x0800186b   Thumb Code     0  startup_stm32f10x_hd.o(.text)
    TIM2_IRQHandler                          0x0800186b   Thumb Code     0  startup_stm32f10x_hd.o(.text)
    TIM4_IRQHandler                          0x0800186b   Thumb Code     0  startup_stm32f10x_hd.o(.text)
    TIM5_IRQHandler                          0x0800186b   Thumb Code     0  startup_stm32f10x_hd.o(.text)
    TIM6_IRQHandler                          0x0800186b   Thumb Code     0  startup_stm32f10x_hd.o(.text)
    TIM7_IRQHandler                          0x0800186b   Thumb Code     0  startup_stm32f10x_hd.o(.text)
    TIM8_BRK_IRQHandler                      0x0800186b   Thumb Code     0  startup_stm32f10x_hd.o(.text)
    TIM8_CC_IRQHandler                       0x0800186b   Thumb Code     0  startup_stm32f10x_hd.o(.text)
    TIM8_TRG_COM_IRQHandler                  0x0800186b   Thumb Code     0  startup_stm32f10x_hd.o(.text)
    TIM8_UP_IRQHandler                       0x0800186b   Thumb Code     0  startup_stm32f10x_hd.o(.text)
    USBWakeUp_IRQHandler                     0x0800186b   Thumb Code     0  startup_stm32f10x_hd.o(.text)
    USB_HP_CAN1_TX_IRQHandler                0x0800186b   Thumb Code     0  startup_stm32f10x_hd.o(.text)
    USB_LP_CAN1_RX0_IRQHandler               0x0800186b   Thumb Code     0  startup_stm32f10x_hd.o(.text)
    WWDG_IRQHandler                          0x0800186b   Thumb Code     0  startup_stm32f10x_hd.o(.text)
    __user_initial_stackheap                 0x0800186d   Thumb Code     0  startup_stm32f10x_hd.o(.text)
    SPI_I2S_DeInit                           0x08001891   Thumb Code    76  stm32f10x_spi.o(.text)
    SPI_Init                                 0x080018dd   Thumb Code    60  stm32f10x_spi.o(.text)
    I2S_Init                                 0x08001919   Thumb Code   226  stm32f10x_spi.o(.text)
    SPI_StructInit                           0x080019fb   Thumb Code    24  stm32f10x_spi.o(.text)
    I2S_StructInit                           0x08001a13   Thumb Code    20  stm32f10x_spi.o(.text)
    SPI_Cmd                                  0x08001a27   Thumb Code    24  stm32f10x_spi.o(.text)
    I2S_Cmd                                  0x08001a3f   Thumb Code    24  stm32f10x_spi.o(.text)
    SPI_I2S_ITConfig                         0x08001a57   Thumb Code    32  stm32f10x_spi.o(.text)
    SPI_I2S_DMACmd                           0x08001a77   Thumb Code    18  stm32f10x_spi.o(.text)
    SPI_I2S_SendData                         0x08001a89   Thumb Code     4  stm32f10x_spi.o(.text)
    SPI_I2S_ReceiveData                      0x08001a8d   Thumb Code     6  stm32f10x_spi.o(.text)
    SPI_NSSInternalSoftwareConfig            0x08001a93   Thumb Code    30  stm32f10x_spi.o(.text)
    SPI_SSOutputCmd                          0x08001ab1   Thumb Code    24  stm32f10x_spi.o(.text)
    SPI_DataSizeConfig                       0x08001ac9   Thumb Code    18  stm32f10x_spi.o(.text)
    SPI_TransmitCRC                          0x08001adb   Thumb Code    10  stm32f10x_spi.o(.text)
    SPI_CalculateCRC                         0x08001ae5   Thumb Code    24  stm32f10x_spi.o(.text)
    SPI_GetCRC                               0x08001afd   Thumb Code    16  stm32f10x_spi.o(.text)
    SPI_GetCRCPolynomial                     0x08001b0d   Thumb Code     6  stm32f10x_spi.o(.text)
    SPI_BiDirectionalLineConfig              0x08001b13   Thumb Code    28  stm32f10x_spi.o(.text)
    SPI_I2S_GetFlagStatus                    0x08001b2f   Thumb Code    18  stm32f10x_spi.o(.text)
    SPI_I2S_ClearFlag                        0x08001b41   Thumb Code     6  stm32f10x_spi.o(.text)
    SPI_I2S_GetITStatus                      0x08001b47   Thumb Code    52  stm32f10x_spi.o(.text)
    SPI_I2S_ClearITPendingBit                0x08001b7b   Thumb Code    20  stm32f10x_spi.o(.text)
    IWDG_WriteAccessCmd                      0x08001b9d   Thumb Code     6  stm32f10x_iwdg.o(.text)
    IWDG_SetPrescaler                        0x08001ba3   Thumb Code     6  stm32f10x_iwdg.o(.text)
    IWDG_SetReload                           0x08001ba9   Thumb Code     6  stm32f10x_iwdg.o(.text)
    IWDG_ReloadCounter                       0x08001baf   Thumb Code    10  stm32f10x_iwdg.o(.text)
    IWDG_Enable                              0x08001bb9   Thumb Code    10  stm32f10x_iwdg.o(.text)
    IWDG_GetFlagStatus                       0x08001bc3   Thumb Code    20  stm32f10x_iwdg.o(.text)
    NMI_Handler                              0x08001bdd   Thumb Code     2  stm32f10x_it.o(.text)
    HardFault_Handler                        0x08001bdf   Thumb Code     4  stm32f10x_it.o(.text)
    USART1_IRQHandler                        0x08001be3   Thumb Code  1050  stm32f10x_it.o(.text)
    USART2_IRQHandler                        0x08001ffd   Thumb Code    66  stm32f10x_it.o(.text)
    USART3_IRQHandler                        0x0800203f   Thumb Code    66  stm32f10x_it.o(.text)
    UART4_IRQHandler                         0x08002081   Thumb Code    66  stm32f10x_it.o(.text)
    UART5_IRQHandler                         0x080020c3   Thumb Code    66  stm32f10x_it.o(.text)
    TIM3_IRQHandler                          0x08002105   Thumb Code   358  stm32f10x_it.o(.text)
    MemManage_Handler                        0x0800226b   Thumb Code     4  stm32f10x_it.o(.text)
    BusFault_Handler                         0x0800226f   Thumb Code     4  stm32f10x_it.o(.text)
    UsageFault_Handler                       0x08002273   Thumb Code     4  stm32f10x_it.o(.text)
    SVC_Handler                              0x08002277   Thumb Code     2  stm32f10x_it.o(.text)
    DebugMon_Handler                         0x08002279   Thumb Code     2  stm32f10x_it.o(.text)
    PendSV_Handler                           0x0800227b   Thumb Code     2  stm32f10x_it.o(.text)
    SysTick_Handler                          0x0800227d   Thumb Code     2  stm32f10x_it.o(.text)
    GPIO_DeInit                              0x080022d9   Thumb Code   172  stm32f10x_gpio.o(.text)
    GPIO_AFIODeInit                          0x08002385   Thumb Code    20  stm32f10x_gpio.o(.text)
    GPIO_Init                                0x08002399   Thumb Code   278  stm32f10x_gpio.o(.text)
    GPIO_StructInit                          0x080024af   Thumb Code    16  stm32f10x_gpio.o(.text)
    GPIO_ReadInputDataBit                    0x080024bf   Thumb Code    18  stm32f10x_gpio.o(.text)
    GPIO_ReadInputData                       0x080024d1   Thumb Code     8  stm32f10x_gpio.o(.text)
    GPIO_ReadOutputDataBit                   0x080024d9   Thumb Code    18  stm32f10x_gpio.o(.text)
    GPIO_ReadOutputData                      0x080024eb   Thumb Code     8  stm32f10x_gpio.o(.text)
    GPIO_SetBits                             0x080024f3   Thumb Code     4  stm32f10x_gpio.o(.text)
    GPIO_ResetBits                           0x080024f7   Thumb Code     4  stm32f10x_gpio.o(.text)
    GPIO_WriteBit                            0x080024fb   Thumb Code    10  stm32f10x_gpio.o(.text)
    GPIO_Write                               0x08002505   Thumb Code     4  stm32f10x_gpio.o(.text)
    GPIO_PinLockConfig                       0x08002509   Thumb Code    18  stm32f10x_gpio.o(.text)
    GPIO_EventOutputConfig                   0x0800251b   Thumb Code    26  stm32f10x_gpio.o(.text)
    GPIO_EventOutputCmd                      0x08002535   Thumb Code     6  stm32f10x_gpio.o(.text)
    GPIO_PinRemapConfig                      0x0800253b   Thumb Code   138  stm32f10x_gpio.o(.text)
    GPIO_EXTILineConfig                      0x080025c5   Thumb Code    66  stm32f10x_gpio.o(.text)
    GPIO_ETH_MediaInterfaceConfig            0x08002607   Thumb Code     8  stm32f10x_gpio.o(.text)
    RCC_DeInit                               0x08002635   Thumb Code    64  stm32f10x_rcc.o(.text)
    RCC_HSEConfig                            0x08002675   Thumb Code    70  stm32f10x_rcc.o(.text)
    RCC_GetFlagStatus                        0x080026bb   Thumb Code    56  stm32f10x_rcc.o(.text)
    RCC_WaitForHSEStartUp                    0x080026f3   Thumb Code    56  stm32f10x_rcc.o(.text)
    RCC_AdjustHSICalibrationValue            0x0800272b   Thumb Code    20  stm32f10x_rcc.o(.text)
    RCC_HSICmd                               0x0800273f   Thumb Code     6  stm32f10x_rcc.o(.text)
    RCC_PLLConfig                            0x08002745   Thumb Code    24  stm32f10x_rcc.o(.text)
    RCC_PLLCmd                               0x0800275d   Thumb Code     6  stm32f10x_rcc.o(.text)
    RCC_SYSCLKConfig                         0x08002763   Thumb Code    18  stm32f10x_rcc.o(.text)
    RCC_GetSYSCLKSource                      0x08002775   Thumb Code    10  stm32f10x_rcc.o(.text)
    RCC_HCLKConfig                           0x0800277f   Thumb Code    18  stm32f10x_rcc.o(.text)
    RCC_PCLK1Config                          0x08002791   Thumb Code    18  stm32f10x_rcc.o(.text)
    RCC_PCLK2Config                          0x080027a3   Thumb Code    20  stm32f10x_rcc.o(.text)
    RCC_ITConfig                             0x080027b7   Thumb Code    26  stm32f10x_rcc.o(.text)
    RCC_USBCLKConfig                         0x080027d1   Thumb Code     8  stm32f10x_rcc.o(.text)
    RCC_ADCCLKConfig                         0x080027d9   Thumb Code    18  stm32f10x_rcc.o(.text)
    RCC_LSEConfig                            0x080027eb   Thumb Code    50  stm32f10x_rcc.o(.text)
    RCC_LSICmd                               0x0800281d   Thumb Code     6  stm32f10x_rcc.o(.text)
    RCC_RTCCLKConfig                         0x08002823   Thumb Code    12  stm32f10x_rcc.o(.text)
    RCC_RTCCLKCmd                            0x0800282f   Thumb Code     8  stm32f10x_rcc.o(.text)
    RCC_GetClocksFreq                        0x08002837   Thumb Code   192  stm32f10x_rcc.o(.text)
    RCC_AHBPeriphClockCmd                    0x080028f7   Thumb Code    26  stm32f10x_rcc.o(.text)
    RCC_APB2PeriphClockCmd                   0x08002911   Thumb Code    26  stm32f10x_rcc.o(.text)
    RCC_APB1PeriphClockCmd                   0x0800292b   Thumb Code    26  stm32f10x_rcc.o(.text)
    RCC_APB2PeriphResetCmd                   0x08002945   Thumb Code    26  stm32f10x_rcc.o(.text)
    RCC_APB1PeriphResetCmd                   0x0800295f   Thumb Code    26  stm32f10x_rcc.o(.text)
    RCC_BackupResetCmd                       0x08002979   Thumb Code     8  stm32f10x_rcc.o(.text)
    RCC_ClockSecuritySystemCmd               0x08002981   Thumb Code     6  stm32f10x_rcc.o(.text)
    RCC_MCOConfig                            0x08002987   Thumb Code     6  stm32f10x_rcc.o(.text)
    RCC_ClearFlag                            0x0800298d   Thumb Code    14  stm32f10x_rcc.o(.text)
    RCC_GetITStatus                          0x0800299b   Thumb Code    20  stm32f10x_rcc.o(.text)
    RCC_ClearITPendingBit                    0x080029af   Thumb Code     6  stm32f10x_rcc.o(.text)
    USART_DeInit                             0x080029d9   Thumb Code   134  stm32f10x_usart.o(.text)
    USART_Init                               0x08002a5f   Thumb Code   210  stm32f10x_usart.o(.text)
    USART_StructInit                         0x08002b31   Thumb Code    24  stm32f10x_usart.o(.text)
    USART_ClockInit                          0x08002b49   Thumb Code    34  stm32f10x_usart.o(.text)
    USART_ClockStructInit                    0x08002b6b   Thumb Code    12  stm32f10x_usart.o(.text)
    USART_Cmd                                0x08002b77   Thumb Code    24  stm32f10x_usart.o(.text)
    USART_ITConfig                           0x08002b8f   Thumb Code    74  stm32f10x_usart.o(.text)
    USART_DMACmd                             0x08002bd9   Thumb Code    18  stm32f10x_usart.o(.text)
    USART_SetAddress                         0x08002beb   Thumb Code    18  stm32f10x_usart.o(.text)
    USART_WakeUpConfig                       0x08002bfd   Thumb Code    18  stm32f10x_usart.o(.text)
    USART_ReceiverWakeUpCmd                  0x08002c0f   Thumb Code    24  stm32f10x_usart.o(.text)
    USART_LINBreakDetectLengthConfig         0x08002c27   Thumb Code    18  stm32f10x_usart.o(.text)
    USART_LINCmd                             0x08002c39   Thumb Code    24  stm32f10x_usart.o(.text)
    USART_SendData                           0x08002c51   Thumb Code     8  stm32f10x_usart.o(.text)
    USART_ReceiveData                        0x08002c59   Thumb Code    10  stm32f10x_usart.o(.text)
    USART_SendBreak                          0x08002c63   Thumb Code    10  stm32f10x_usart.o(.text)
    USART_SetGuardTime                       0x08002c6d   Thumb Code    16  stm32f10x_usart.o(.text)
    USART_SetPrescaler                       0x08002c7d   Thumb Code    16  stm32f10x_usart.o(.text)
    USART_SmartCardCmd                       0x08002c8d   Thumb Code    24  stm32f10x_usart.o(.text)
    USART_SmartCardNACKCmd                   0x08002ca5   Thumb Code    24  stm32f10x_usart.o(.text)
    USART_HalfDuplexCmd                      0x08002cbd   Thumb Code    24  stm32f10x_usart.o(.text)
    USART_OverSampling8Cmd                   0x08002cd5   Thumb Code    22  stm32f10x_usart.o(.text)
    USART_OneBitMethodCmd                    0x08002ceb   Thumb Code    24  stm32f10x_usart.o(.text)
    USART_IrDAConfig                         0x08002d03   Thumb Code    18  stm32f10x_usart.o(.text)
    USART_IrDACmd                            0x08002d15   Thumb Code    24  stm32f10x_usart.o(.text)
    USART_GetFlagStatus                      0x08002d2d   Thumb Code    26  stm32f10x_usart.o(.text)
    USART_ClearFlag                          0x08002d47   Thumb Code    18  stm32f10x_usart.o(.text)
    USART_GetITStatus                        0x08002d59   Thumb Code    84  stm32f10x_usart.o(.text)
    USART_ClearITPendingBit                  0x08002dad   Thumb Code    52  stm32f10x_usart.o(.text)
    NVIC_PriorityGroupConfig                 0x08002de1   Thumb Code    10  misc.o(.text)
    NVIC_Init                                0x08002deb   Thumb Code   100  misc.o(.text)
    NVIC_SetVectorTable                      0x08002e4f   Thumb Code    14  misc.o(.text)
    NVIC_SystemLPConfig                      0x08002e5d   Thumb Code    34  misc.o(.text)
    SysTick_CLKSourceConfig                  0x08002e7f   Thumb Code    40  misc.o(.text)
    TIM_DeInit                               0x08002ebd   Thumb Code   424  stm32f10x_tim.o(.text)
    TIM_TimeBaseInit                         0x08003065   Thumb Code   122  stm32f10x_tim.o(.text)
    TIM_OC1Init                              0x080030df   Thumb Code   132  stm32f10x_tim.o(.text)
    TIM_OC2Init                              0x08003163   Thumb Code   154  stm32f10x_tim.o(.text)
    TIM_OC3Init                              0x080031fd   Thumb Code   150  stm32f10x_tim.o(.text)
    TIM_OC4Init                              0x08003293   Thumb Code   182  stm32f10x_tim.o(.text)
    TIM_SetIC4Prescaler                      0x08003349   Thumb Code    26  stm32f10x_tim.o(.text)
    TIM_SetIC3Prescaler                      0x080033e5   Thumb Code    18  stm32f10x_tim.o(.text)
    TIM_SetIC2Prescaler                      0x08003471   Thumb Code    26  stm32f10x_tim.o(.text)
    TIM_SetIC1Prescaler                      0x0800350d   Thumb Code    18  stm32f10x_tim.o(.text)
    TIM_ICInit                               0x0800358b   Thumb Code   150  stm32f10x_tim.o(.text)
    TIM_PWMIConfig                           0x08003621   Thumb Code   124  stm32f10x_tim.o(.text)
    TIM_BDTRConfig                           0x0800369d   Thumb Code    32  stm32f10x_tim.o(.text)
    TIM_TimeBaseStructInit                   0x080036bd   Thumb Code    18  stm32f10x_tim.o(.text)
    TIM_OCStructInit                         0x080036cf   Thumb Code    20  stm32f10x_tim.o(.text)
    TIM_ICStructInit                         0x080036e3   Thumb Code    18  stm32f10x_tim.o(.text)
    TIM_BDTRStructInit                       0x080036f5   Thumb Code    40  stm32f10x_tim.o(.text)
    TIM_Cmd                                  0x0800371d   Thumb Code    24  stm32f10x_tim.o(.text)
    TIM_CtrlPWMOutputs                       0x08003735   Thumb Code    30  stm32f10x_tim.o(.text)
    TIM_ITConfig                             0x08003753   Thumb Code    18  stm32f10x_tim.o(.text)
    TIM_GenerateEvent                        0x08003765   Thumb Code     4  stm32f10x_tim.o(.text)
    TIM_DMAConfig                            0x08003769   Thumb Code    10  stm32f10x_tim.o(.text)
    TIM_DMACmd                               0x08003773   Thumb Code    18  stm32f10x_tim.o(.text)
    TIM_InternalClockConfig                  0x08003785   Thumb Code    12  stm32f10x_tim.o(.text)
    TIM_SelectInputTrigger                   0x08003791   Thumb Code    18  stm32f10x_tim.o(.text)
    TIM_ITRxExternalClockConfig              0x080037a3   Thumb Code    24  stm32f10x_tim.o(.text)
    TIM_TIxExternalClockConfig               0x080037bb   Thumb Code    62  stm32f10x_tim.o(.text)
    TIM_ETRConfig                            0x080037f9   Thumb Code    28  stm32f10x_tim.o(.text)
    TIM_ETRClockMode1Config                  0x08003815   Thumb Code    54  stm32f10x_tim.o(.text)
    TIM_ETRClockMode2Config                  0x0800384b   Thumb Code    32  stm32f10x_tim.o(.text)
    TIM_PrescalerConfig                      0x0800386b   Thumb Code     6  stm32f10x_tim.o(.text)
    TIM_CounterModeConfig                    0x08003871   Thumb Code    18  stm32f10x_tim.o(.text)
    TIM_EncoderInterfaceConfig               0x08003883   Thumb Code    66  stm32f10x_tim.o(.text)
    TIM_ForcedOC1Config                      0x080038c5   Thumb Code    18  stm32f10x_tim.o(.text)
    TIM_ForcedOC2Config                      0x080038d7   Thumb Code    26  stm32f10x_tim.o(.text)
    TIM_ForcedOC3Config                      0x080038f1   Thumb Code    18  stm32f10x_tim.o(.text)
    TIM_ForcedOC4Config                      0x08003903   Thumb Code    26  stm32f10x_tim.o(.text)
    TIM_ARRPreloadConfig                     0x0800391d   Thumb Code    24  stm32f10x_tim.o(.text)
    TIM_SelectCOM                            0x08003935   Thumb Code    24  stm32f10x_tim.o(.text)
    TIM_SelectCCDMA                          0x0800394d   Thumb Code    24  stm32f10x_tim.o(.text)
    TIM_CCPreloadControl                     0x08003965   Thumb Code    24  stm32f10x_tim.o(.text)
    TIM_OC1PreloadConfig                     0x0800397d   Thumb Code    18  stm32f10x_tim.o(.text)
    TIM_OC2PreloadConfig                     0x0800398f   Thumb Code    26  stm32f10x_tim.o(.text)
    TIM_OC3PreloadConfig                     0x080039a9   Thumb Code    18  stm32f10x_tim.o(.text)
    TIM_OC4PreloadConfig                     0x080039bb   Thumb Code    26  stm32f10x_tim.o(.text)
    TIM_OC1FastConfig                        0x080039d5   Thumb Code    18  stm32f10x_tim.o(.text)
    TIM_OC2FastConfig                        0x080039e7   Thumb Code    26  stm32f10x_tim.o(.text)
    TIM_OC3FastConfig                        0x08003a01   Thumb Code    18  stm32f10x_tim.o(.text)
    TIM_OC4FastConfig                        0x08003a13   Thumb Code    26  stm32f10x_tim.o(.text)
    TIM_ClearOC1Ref                          0x08003a2d   Thumb Code    18  stm32f10x_tim.o(.text)
    TIM_ClearOC2Ref                          0x08003a3f   Thumb Code    24  stm32f10x_tim.o(.text)
    TIM_ClearOC3Ref                          0x08003a57   Thumb Code    18  stm32f10x_tim.o(.text)
    TIM_ClearOC4Ref                          0x08003a69   Thumb Code    24  stm32f10x_tim.o(.text)
    TIM_OC1PolarityConfig                    0x08003a81   Thumb Code    18  stm32f10x_tim.o(.text)
    TIM_OC1NPolarityConfig                   0x08003a93   Thumb Code    18  stm32f10x_tim.o(.text)
    TIM_OC2PolarityConfig                    0x08003aa5   Thumb Code    26  stm32f10x_tim.o(.text)
    TIM_OC2NPolarityConfig                   0x08003abf   Thumb Code    26  stm32f10x_tim.o(.text)
    TIM_OC3PolarityConfig                    0x08003ad9   Thumb Code    26  stm32f10x_tim.o(.text)
    TIM_OC3NPolarityConfig                   0x08003af3   Thumb Code    26  stm32f10x_tim.o(.text)
    TIM_OC4PolarityConfig                    0x08003b0d   Thumb Code    26  stm32f10x_tim.o(.text)
    TIM_CCxCmd                               0x08003b27   Thumb Code    30  stm32f10x_tim.o(.text)
    TIM_CCxNCmd                              0x08003b45   Thumb Code    30  stm32f10x_tim.o(.text)
    TIM_SelectOCxM                           0x08003b63   Thumb Code    82  stm32f10x_tim.o(.text)
    TIM_UpdateDisableConfig                  0x08003bb5   Thumb Code    24  stm32f10x_tim.o(.text)
    TIM_UpdateRequestConfig                  0x08003bcd   Thumb Code    24  stm32f10x_tim.o(.text)
    TIM_SelectHallSensor                     0x08003be5   Thumb Code    24  stm32f10x_tim.o(.text)
    TIM_SelectOnePulseMode                   0x08003bfd   Thumb Code    18  stm32f10x_tim.o(.text)
    TIM_SelectOutputTrigger                  0x08003c0f   Thumb Code    18  stm32f10x_tim.o(.text)
    TIM_SelectSlaveMode                      0x08003c21   Thumb Code    18  stm32f10x_tim.o(.text)
    TIM_SelectMasterSlaveMode                0x08003c33   Thumb Code    18  stm32f10x_tim.o(.text)
    TIM_SetCounter                           0x08003c45   Thumb Code     4  stm32f10x_tim.o(.text)
    TIM_SetAutoreload                        0x08003c49   Thumb Code     4  stm32f10x_tim.o(.text)
    TIM_SetCompare1                          0x08003c4d   Thumb Code     4  stm32f10x_tim.o(.text)
    TIM_SetCompare2                          0x08003c51   Thumb Code     4  stm32f10x_tim.o(.text)
    TIM_SetCompare3                          0x08003c55   Thumb Code     4  stm32f10x_tim.o(.text)
    TIM_SetCompare4                          0x08003c59   Thumb Code     6  stm32f10x_tim.o(.text)
    TIM_SetClockDivision                     0x08003c5f   Thumb Code    18  stm32f10x_tim.o(.text)
    TIM_GetCapture1                          0x08003c71   Thumb Code     6  stm32f10x_tim.o(.text)
    TIM_GetCapture2                          0x08003c77   Thumb Code     6  stm32f10x_tim.o(.text)
    TIM_GetCapture3                          0x08003c7d   Thumb Code     6  stm32f10x_tim.o(.text)
    TIM_GetCapture4                          0x08003c83   Thumb Code     8  stm32f10x_tim.o(.text)
    TIM_GetCounter                           0x08003c8b   Thumb Code     6  stm32f10x_tim.o(.text)
    TIM_GetPrescaler                         0x08003c91   Thumb Code     6  stm32f10x_tim.o(.text)
    TIM_GetFlagStatus                        0x08003c97   Thumb Code    18  stm32f10x_tim.o(.text)
    TIM_ClearFlag                            0x08003ca9   Thumb Code     6  stm32f10x_tim.o(.text)
    TIM_GetITStatus                          0x08003caf   Thumb Code    34  stm32f10x_tim.o(.text)
    TIM_ClearITPendingBit                    0x08003cd1   Thumb Code     6  stm32f10x_tim.o(.text)
    delay_us                                 0x08003cd7   Thumb Code    54  systick.o(.text)
    delay_ms                                 0x08003d0d   Thumb Code    56  systick.o(.text)
    usart1_init                              0x08003d45   Thumb Code   184  usart.o(.text)
    usart2_init                              0x08003dfd   Thumb Code   180  usart.o(.text)
    usart3_init                              0x08003eb1   Thumb Code   184  usart.o(.text)
    usart4_init                              0x08003f69   Thumb Code   184  usart.o(.text)
    usart5_init                              0x08004021   Thumb Code   188  usart.o(.text)
    usart_all_init                           0x080040dd   Thumb Code    24  usart.o(.text)
    time_init                                0x08004119   Thumb Code   106  time.o(.text)
    SPI1_Config                              0x08004189   Thumb Code   130  spi.o(.text)
    SPI2_Config                              0x0800420b   Thumb Code   122  spi.o(.text)
    SPI1_SetSpeed                            0x08004285   Thumb Code    36  spi.o(.text)
    SPI2_SetSpeed                            0x080042a9   Thumb Code    36  spi.o(.text)
    SPI1_WriteReadData                       0x080042cd   Thumb Code    68  spi.o(.text)
    SPI2_WriteReadData                       0x08004311   Thumb Code    68  spi.o(.text)
    FLASH_ReadID                             0x08004365   Thumb Code    86  flash.o(.text)
    FLASH_Init                               0x080043bb   Thumb Code    54  flash.o(.text)
    FLASH_ReadData                           0x08004441   Thumb Code   106  flash.o(.text)
    FLASH_ChipErase                          0x08004527   Thumb Code    54  flash.o(.text)
    FLASH_WriteData                          0x080045f7   Thumb Code   188  flash.o(.text)
    RC522_Init                               0x080046c5   Thumb Code    64  rc522.o(.text)
    WriteRawRC                               0x08004705   Thumb Code   136  rc522.o(.text)
    ReadRawRC                                0x0800478d   Thumb Code   138  rc522.o(.text)
    SetBitMask                               0x08004817   Thumb Code    28  rc522.o(.text)
    ClearBitMask                             0x08004833   Thumb Code    28  rc522.o(.text)
    PcdComMF522                              0x0800484f   Thumb Code   306  rc522.o(.text)
    CalulateCRC                              0x08004981   Thumb Code   108  rc522.o(.text)
    PcdRead                                  0x080049ed   Thumb Code    84  rc522.o(.text)
    PcdWrite                                 0x08004a41   Thumb Code   160  rc522.o(.text)
    PcdAuthState                             0x08004ae1   Thumb Code   110  rc522.o(.text)
    PcdSelect                                0x08004b4f   Thumb Code   114  rc522.o(.text)
    PcdAnticoll                              0x08004bc1   Thumb Code   112  rc522.o(.text)
    PcdRequest                               0x08004c31   Thumb Code    84  rc522.o(.text)
    PcdAntennaOn                             0x08004c85   Thumb Code    26  rc522.o(.text)
    PcdAntennaOff                            0x08004c9f   Thumb Code    12  rc522.o(.text)
    PcdReset                                 0x08004cab   Thumb Code   106  rc522.o(.text)
    RC522_TEST                               0x08004d15   Thumb Code   240  rc522.o(.text)
    PcdValue                                 0x08004e05   Thumb Code   204  rc522.o(.text)
    PcdBakValue                              0x08004ed1   Thumb Code   198  rc522.o(.text)
    PcdHalt                                  0x08004f97   Thumb Code    52  rc522.o(.text)
    __aeabi_memcpy                           0x08004ff1   Thumb Code     0  rt_memcpy_v6.o(.text)
    __rt_memcpy                              0x08004ff1   Thumb Code   138  rt_memcpy_v6.o(.text)
    _memcpy_lastbytes                        0x08005057   Thumb Code     0  rt_memcpy_v6.o(.text)
    __use_two_region_memory                  0x0800507b   Thumb Code     2  heapauxi.o(.text)
    __rt_heap_escrow$2region                 0x0800507d   Thumb Code     2  heapauxi.o(.text)
    __rt_heap_expand$2region                 0x0800507f   Thumb Code     2  heapauxi.o(.text)
    __aeabi_memcpy4                          0x08005081   Thumb Code     0  rt_memcpy_w.o(.text)
    __aeabi_memcpy8                          0x08005081   Thumb Code     0  rt_memcpy_w.o(.text)
    __rt_memcpy_w                            0x08005081   Thumb Code   100  rt_memcpy_w.o(.text)
    _memcpy_lastbytes_aligned                0x080050c9   Thumb Code     0  rt_memcpy_w.o(.text)
    __user_setup_stackheap                   0x080050e5   Thumb Code    74  sys_stackheap_outer.o(.text)
    exit                                     0x0800512f   Thumb Code    12  exit.o(.text)
    __user_libspace                          0x0800513d   Thumb Code     8  libspace.o(.text)
    __user_perproc_libspace                  0x0800513d   Thumb Code     0  libspace.o(.text)
    __user_perthread_libspace                0x0800513d   Thumb Code     0  libspace.o(.text)
    _sys_exit                                0x08005145   Thumb Code     8  sys_exit.o(.text)
    __I$use$semihosting                      0x08005151   Thumb Code     0  use_no_semi.o(.text)
    __use_no_semihosting_swi                 0x08005151   Thumb Code     2  use_no_semi.o(.text)
    TEXT_Buffer                              0x08005152   Data          10  main.o(.constdata)
    __semihosting_library_function           0x08005153   Thumb Code     0  indicate_semi.o(.text)
    Region$$Table$$Base                      0x0800515c   Number         0  anon$$obj.o(Region$$Table)
    Region$$Table$$Limit                     0x0800517c   Number         0  anon$$obj.o(Region$$Table)
    MODULE_VERSION                           0x20000000   Data           8  variables_def.o(.data)
    CPU_VERSION                              0x20000008   Data           7  variables_def.o(.data)
    MODULE_SERIAL                            0x2000000f   Data          20  variables_def.o(.data)
    wdt_reseten                              0x20000023   Data           1  variables_def.o(.data)
    wdt_resetreg                             0x20000024   Data           2  variables_def.o(.data)
    sens_selfcheck                           0x20000026   Data           1  variables_def.o(.data)
    result                                   0x20000027   Data           1  variables_def.o(.data)
    detection                                0x20000028   Data           1  variables_def.o(.data)
    antenna                                  0x20000029   Data           1  variables_def.o(.data)
    drop_tic_time                            0x2000002a   Data           2  variables_def.o(.data)
    init_over_time                           0x2000002c   Data           2  variables_def.o(.data)
    over_time                                0x2000002e   Data           2  variables_def.o(.data)
    rotation_over_time                       0x20000030   Data           4  variables_def.o(.data)
    roll_over_time                           0x20000034   Data           4  variables_def.o(.data)
    sole_open_over_time                      0x20000038   Data           4  variables_def.o(.data)
    sole_openleave_over_time                 0x2000003c   Data           4  variables_def.o(.data)
    sole_close_over_time                     0x20000040   Data           4  variables_def.o(.data)
    sole2_open_over_time                     0x20000044   Data           4  variables_def.o(.data)
    sole2_close_over_time                    0x20000048   Data           4  variables_def.o(.data)
    model                                    0x2000004c   Data           1  variables_def.o(.data)
    receive_limits                           0x2000004d   Data           1  variables_def.o(.data)
    current_gallery                          0x2000004e   Data           1  variables_def.o(.data)
    normal_start                             0x2000004f   Data           1  variables_def.o(.data)
    LED_EN                                   0x20000050   Data           1  variables_def.o(.data)
    flash_cnt                                0x20000052   Data           2  variables_def.o(.data)
    sum_open_over_time                       0x20000054   Data           1  variables_def.o(.data)
    communication_step                       0x20000055   Data           1  variables_def.o(.data)
    receive_ok                               0x20000056   Data           1  variables_def.o(.data)
    g_cbWaitRespDly                          0x20000058   Data           2  variables_def.o(.data)
    work_light_cnt                           0x2000005a   Data           2  variables_def.o(.data)
    time_count                               0x2000005c   Data           4  variables_def.o(.data)
    LED_control_flag                         0x20000060   Data           1  variables_def.o(.data)
    OutGPA                                   0x20000062   Data           2  variables_def.o(.data)
    OutGPB                                   0x20000064   Data           2  variables_def.o(.data)
    OutGPC                                   0x20000066   Data           2  variables_def.o(.data)
    OutGPD                                   0x20000068   Data           2  variables_def.o(.data)
    OutGPE                                   0x2000006a   Data           2  variables_def.o(.data)
    SystemCoreClock                          0x2000006c   Data           4  system_stm32f10x.o(.data)
    AHBPrescTable                            0x20000070   Data          16  system_stm32f10x.o(.data)
    buff                                     0x2000009c   Data          10  main.o(.bss)
    box_num                                  0x20000110   Data          12  variables_def.o(.bss)
    inbox                                    0x2000011c   Data          60  variables_def.o(.bss)
    sens                                     0x20000158   Data          18  variables_def.o(.bss)
    sens_last                                0x2000016a   Data          18  variables_def.o(.bss)
    __libspace_start                         0x200012b8   Data          96  libspace.o(.bss)
    __temporary_stack_top$libspace           0x20001318   Data           0  libspace.o(.bss)



==============================================================================

Memory Map of the image

  Image Entry point : 0x08000131

  Load Region LR_IROM1 (Base: 0x08000000, Size: 0x00005218, Max: 0x00080000, ABSOLUTE)

    Execution Region ER_IROM1 (Base: 0x08000000, Size: 0x0000517c, Max: 0x00080000, ABSOLUTE)

    Base Addr    Size         Type   Attr      Idx    E Section Name        Object

    0x08000000   0x00000130   Data   RO          215    RESET               startup_stm32f10x_hd.o
    0x08000130   0x00000008   Code   RO          483  * !!!main             c_w.l(__main.o)
    0x08000138   0x00000034   Code   RO          641    !!!scatter          c_w.l(__scatter.o)
    0x0800016c   0x0000001a   Code   RO          643    !!handler_copy      c_w.l(__scatter_copy.o)
    0x08000186   0x00000002   PAD
    0x08000188   0x0000001c   Code   RO          645    !!handler_zi        c_w.l(__scatter_zi.o)
    0x080001a4   0x00000002   Code   RO          512    .ARM.Collect$$libinit$$00000000  c_w.l(libinit.o)
    0x080001a6   0x00000000   Code   RO          519    .ARM.Collect$$libinit$$00000002  c_w.l(libinit2.o)
    0x080001a6   0x00000000   Code   RO          521    .ARM.Collect$$libinit$$00000004  c_w.l(libinit2.o)
    0x080001a6   0x00000000   Code   RO          524    .ARM.Collect$$libinit$$0000000A  c_w.l(libinit2.o)
    0x080001a6   0x00000000   Code   RO          526    .ARM.Collect$$libinit$$0000000C  c_w.l(libinit2.o)
    0x080001a6   0x00000000   Code   RO          528    .ARM.Collect$$libinit$$0000000E  c_w.l(libinit2.o)
    0x080001a6   0x00000000   Code   RO          531    .ARM.Collect$$libinit$$00000011  c_w.l(libinit2.o)
    0x080001a6   0x00000000   Code   RO          533    .ARM.Collect$$libinit$$00000013  c_w.l(libinit2.o)
    0x080001a6   0x00000000   Code   RO          535    .ARM.Collect$$libinit$$00000015  c_w.l(libinit2.o)
    0x080001a6   0x00000000   Code   RO          537    .ARM.Collect$$libinit$$00000017  c_w.l(libinit2.o)
    0x080001a6   0x00000000   Code   RO          539    .ARM.Collect$$libinit$$00000019  c_w.l(libinit2.o)
    0x080001a6   0x00000000   Code   RO          541    .ARM.Collect$$libinit$$0000001B  c_w.l(libinit2.o)
    0x080001a6   0x00000000   Code   RO          543    .ARM.Collect$$libinit$$0000001D  c_w.l(libinit2.o)
    0x080001a6   0x00000000   Code   RO          545    .ARM.Collect$$libinit$$0000001F  c_w.l(libinit2.o)
    0x080001a6   0x00000000   Code   RO          547    .ARM.Collect$$libinit$$00000021  c_w.l(libinit2.o)
    0x080001a6   0x00000000   Code   RO          549    .ARM.Collect$$libinit$$00000023  c_w.l(libinit2.o)
    0x080001a6   0x00000000   Code   RO          551    .ARM.Collect$$libinit$$00000025  c_w.l(libinit2.o)
    0x080001a6   0x00000000   Code   RO          555    .ARM.Collect$$libinit$$0000002C  c_w.l(libinit2.o)
    0x080001a6   0x00000000   Code   RO          557    .ARM.Collect$$libinit$$0000002E  c_w.l(libinit2.o)
    0x080001a6   0x00000000   Code   RO          559    .ARM.Collect$$libinit$$00000030  c_w.l(libinit2.o)
    0x080001a6   0x00000000   Code   RO          561    .ARM.Collect$$libinit$$00000032  c_w.l(libinit2.o)
    0x080001a6   0x00000002   Code   RO          562    .ARM.Collect$$libinit$$00000033  c_w.l(libinit2.o)
    0x080001a8   0x00000002   Code   RO          582    .ARM.Collect$$libshutdown$$00000000  c_w.l(libshutdown.o)
    0x080001aa   0x00000000   Code   RO          596    .ARM.Collect$$libshutdown$$00000003  c_w.l(libshutdown2.o)
    0x080001aa   0x00000000   Code   RO          599    .ARM.Collect$$libshutdown$$00000006  c_w.l(libshutdown2.o)
    0x080001aa   0x00000000   Code   RO          602    .ARM.Collect$$libshutdown$$00000009  c_w.l(libshutdown2.o)
    0x080001aa   0x00000000   Code   RO          604    .ARM.Collect$$libshutdown$$0000000B  c_w.l(libshutdown2.o)
    0x080001aa   0x00000000   Code   RO          607    .ARM.Collect$$libshutdown$$0000000E  c_w.l(libshutdown2.o)
    0x080001aa   0x00000002   Code   RO          608    .ARM.Collect$$libshutdown$$0000000F  c_w.l(libshutdown2.o)
    0x080001ac   0x00000000   Code   RO          485    .ARM.Collect$$rtentry$$00000000  c_w.l(__rtentry.o)
    0x080001ac   0x00000000   Code   RO          489    .ARM.Collect$$rtentry$$00000002  c_w.l(__rtentry2.o)
    0x080001ac   0x00000006   Code   RO          501    .ARM.Collect$$rtentry$$00000004  c_w.l(__rtentry4.o)
    0x080001b2   0x00000000   Code   RO          491    .ARM.Collect$$rtentry$$00000009  c_w.l(__rtentry2.o)
    0x080001b2   0x00000004   Code   RO          492    .ARM.Collect$$rtentry$$0000000A  c_w.l(__rtentry2.o)
    0x080001b6   0x00000000   Code   RO          494    .ARM.Collect$$rtentry$$0000000C  c_w.l(__rtentry2.o)
    0x080001b6   0x00000008   Code   RO          495    .ARM.Collect$$rtentry$$0000000D  c_w.l(__rtentry2.o)
    0x080001be   0x00000002   Code   RO          516    .ARM.Collect$$rtexit$$00000000  c_w.l(rtexit.o)
    0x080001c0   0x00000000   Code   RO          564    .ARM.Collect$$rtexit$$00000002  c_w.l(rtexit2.o)
    0x080001c0   0x00000004   Code   RO          565    .ARM.Collect$$rtexit$$00000003  c_w.l(rtexit2.o)
    0x080001c4   0x00000006   Code   RO          566    .ARM.Collect$$rtexit$$00000004  c_w.l(rtexit2.o)
    0x080001ca   0x00000002   PAD
    0x080001cc   0x000014a4   Code   RO            1    .text               main.o
    0x08001670   0x000001e0   Code   RO          176    .text               system_stm32f10x.o
    0x08001850   0x00000040   Code   RO          216    .text               startup_stm32f10x_hd.o
    0x08001890   0x0000030c   Code   RO          220    .text               stm32f10x_spi.o
    0x08001b9c   0x00000040   Code   RO          232    .text               stm32f10x_iwdg.o
    0x08001bdc   0x000006fc   Code   RO          244    .text               stm32f10x_it.o
    0x080022d8   0x0000035c   Code   RO          266    .text               stm32f10x_gpio.o
    0x08002634   0x000003a4   Code   RO          278    .text               stm32f10x_rcc.o
    0x080029d8   0x00000408   Code   RO          292    .text               stm32f10x_usart.o
    0x08002de0   0x000000dc   Code   RO          304    .text               misc.o
    0x08002ebc   0x00000e1a   Code   RO          316    .text               stm32f10x_tim.o
    0x08003cd6   0x0000006e   Code   RO          328    .text               systick.o
    0x08003d44   0x000003d4   Code   RO          343    .text               usart.o
    0x08004118   0x00000070   Code   RO          358    .text               time.o
    0x08004188   0x000001dc   Code   RO          373    .text               spi.o
    0x08004364   0x00000360   Code   RO          388    .text               flash.o
    0x080046c4   0x0000092c   Code   RO          408    .text               rc522.o
    0x08004ff0   0x0000008a   Code   RO          479    .text               c_w.l(rt_memcpy_v6.o)
    0x0800507a   0x00000006   Code   RO          481    .text               c_w.l(heapauxi.o)
    0x08005080   0x00000064   Code   RO          486    .text               c_w.l(rt_memcpy_w.o)
    0x080050e4   0x0000004a   Code   RO          503    .text               c_w.l(sys_stackheap_outer.o)
    0x0800512e   0x0000000c   Code   RO          505    .text               c_w.l(exit.o)
    0x0800513a   0x00000002   PAD
    0x0800513c   0x00000008   Code   RO          513    .text               c_w.l(libspace.o)
    0x08005144   0x0000000c   Code   RO          574    .text               c_w.l(sys_exit.o)
    0x08005150   0x00000002   Code   RO          585    .text               c_w.l(use_no_semi.o)
    0x08005152   0x00000000   Code   RO          587    .text               c_w.l(indicate_semi.o)
    0x08005152   0x0000000a   Data   RO            3    .constdata          main.o
    0x0800515c   0x00000020   Data   RO          639    Region$$Table       anon$$obj.o


    Execution Region RW_IRAM1 (Base: 0x20000000, Size: 0x00001918, Max: 0x00010000, ABSOLUTE)

    Base Addr    Size         Type   Attr      Idx    E Section Name        Object

    0x20000000   0x0000006c   Data   RW          152    .data               variables_def.o
    0x2000006c   0x00000014   Data   RW          177    .data               system_stm32f10x.o
    0x20000080   0x00000005   Data   RW          246    .data               stm32f10x_it.o
    0x20000085   0x00000014   Data   RW          279    .data               stm32f10x_rcc.o
    0x20000099   0x00000003   PAD
    0x2000009c   0x00000074   Zero   RW            2    .bss                main.o
    0x20000110   0x0000006c   Zero   RW          151    .bss                variables_def.o
    0x2000017c   0x0000013c   Zero   RW          245    .bss                stm32f10x_it.o
    0x200002b8   0x00001000   Zero   RW          389    .bss                flash.o
    0x200012b8   0x00000060   Zero   RW          514    .bss                c_w.l(libspace.o)
    0x20001318   0x00000200   Zero   RW          214    HEAP                startup_stm32f10x_hd.o
    0x20001518   0x00000400   Zero   RW          213    STACK               startup_stm32f10x_hd.o


==============================================================================

Image component sizes


      Code (inc. data)   RO Data    RW Data    ZI Data      Debug   Object Name

         0          0          0          0          0         32   core_cm3.o
       864         18          0          0       4096       3057   flash.o
      5284        300         10          0        116     272803   main.o
       220         22          0          0          0       1825   misc.o
      2348         52          0          0          0       6913   rc522.o
       476         16          0          0          0       1732   spi.o
        64         26        304          0       1536        768   startup_stm32f10x_hd.o
       860         38          0          0          0       5673   stm32f10x_gpio.o
      1788        124          0          5        316       3978   stm32f10x_it.o
        64          6          0          0          0       1273   stm32f10x_iwdg.o
       932         36          0         20          0       8832   stm32f10x_rcc.o
       780         14          0          0          0       6554   stm32f10x_spi.o
      3610         88          0          0          0      22160   stm32f10x_tim.o
      1032         22          0          0          0       8396   stm32f10x_usart.o
       480         38          0         20          0       1919   system_stm32f10x.o
       110          0          0          0          0        636   systick.o
       112          6          0          0          0        516   time.o
       980         36          0          0          0       2097   usart.o
         0          0          0        108        108       2209   variables_def.o

    ----------------------------------------------------------------------
     20004        842        346        156       6172     351373   Object Totals
         0          0         32          0          0          0   (incl. Generated)
         0          0          0          3          0          0   (incl. Padding)

    ----------------------------------------------------------------------

      Code (inc. data)   RO Data    RW Data    ZI Data      Debug   Library Member Name

         8          0          0          0          0         68   __main.o
         0          0          0          0          0          0   __rtentry.o
        12          0          0          0          0          0   __rtentry2.o
         6          0          0          0          0          0   __rtentry4.o
        52          8          0          0          0          0   __scatter.o
        26          0          0          0          0          0   __scatter_copy.o
        28          0          0          0          0          0   __scatter_zi.o
        12          0          0          0          0         72   exit.o
         6          0          0          0          0        152   heapauxi.o
         0          0          0          0          0          0   indicate_semi.o
         2          0          0          0          0          0   libinit.o
         2          0          0          0          0          0   libinit2.o
         2          0          0          0          0          0   libshutdown.o
         2          0          0          0          0          0   libshutdown2.o
         8          4          0          0         96         68   libspace.o
       138          0          0          0          0         68   rt_memcpy_v6.o
       100          0          0          0          0         80   rt_memcpy_w.o
         2          0          0          0          0          0   rtexit.o
        10          0          0          0          0          0   rtexit2.o
        12          4          0          0          0         68   sys_exit.o
        74          0          0          0          0         80   sys_stackheap_outer.o
         2          0          0          0          0         68   use_no_semi.o

    ----------------------------------------------------------------------
       510         16          0          0         96        724   Library Totals
         6          0          0          0          0          0   (incl. Padding)

    ----------------------------------------------------------------------

      Code (inc. data)   RO Data    RW Data    ZI Data      Debug   Library Name

       504         16          0          0         96        724   c_w.l

    ----------------------------------------------------------------------
       510         16          0          0         96        724   Library Totals

    ----------------------------------------------------------------------

==============================================================================


      Code (inc. data)   RO Data    RW Data    ZI Data      Debug   

     20514        858        346        156       6268     350481   Grand Totals
     20514        858        346        156       6268     350481   ELF Image Totals
     20514        858        346        156          0          0   ROM Totals

==============================================================================

    Total RO  Size (Code + RO Data)                20860 (  20.37kB)
    Total RW  Size (RW Data + ZI Data)              6424 (   6.27kB)
    Total ROM Size (Code + RO Data + RW Data)      21016 (  20.52kB)

==============================================================================

